###############################################################################
#
# IAR ELF Linker V7.10.3.6832/W32 for ARM                 15/Apr/2024  02:03:56
# Copyright 2007-2014 IAR Systems AB.
#
#    Output file  =  
#        C:\Texas Instruments\Z-Stack Home
#        1.2.0\Projects\zstack\HomeAutomation\SampleLight\CC2538\Coordinator\Exe\SampleLight.out
#    Map file     =  
#        C:\Texas Instruments\Z-Stack Home
#        1.2.0\Projects\zstack\HomeAutomation\SampleLight\CC2538\Coordinator\List\SampleLight.map
#    Command line =  
#        "C:\Texas Instruments\Z-Stack Home
#        1.2.0\Projects\zstack\HomeAutomation\SampleLight\CC2538\Coordinator\Obj\AF.o"
#        "C:\Texas Instruments\Z-Stack Home
#        1.2.0\Projects\zstack\HomeAutomation\SampleLight\CC2538\Coordinator\Obj\armcm3flashutil.o"
#        "C:\Texas Instruments\Z-Stack Home
#        1.2.0\Projects\zstack\HomeAutomation\SampleLight\CC2538\Coordinator\Obj\BindingTable.o"
#        "C:\Texas Instruments\Z-Stack Home
#        1.2.0\Projects\zstack\HomeAutomation\SampleLight\CC2538\Coordinator\Obj\DebugTrace.o"
#        "C:\Texas Instruments\Z-Stack Home
#        1.2.0\Projects\zstack\HomeAutomation\SampleLight\CC2538\Coordinator\Obj\hal_adc.o"
#        "C:\Texas Instruments\Z-Stack Home
#        1.2.0\Projects\zstack\HomeAutomation\SampleLight\CC2538\Coordinator\Obj\hal_aes.o"
#        "C:\Texas Instruments\Z-Stack Home
#        1.2.0\Projects\zstack\HomeAutomation\SampleLight\CC2538\Coordinator\Obj\hal_assert.o"
#        "C:\Texas Instruments\Z-Stack Home
#        1.2.0\Projects\zstack\HomeAutomation\SampleLight\CC2538\Coordinator\Obj\hal_ccm.o"
#        "C:\Texas Instruments\Z-Stack Home
#        1.2.0\Projects\zstack\HomeAutomation\SampleLight\CC2538\Coordinator\Obj\hal_drivers.o"
#        "C:\Texas Instruments\Z-Stack Home
#        1.2.0\Projects\zstack\HomeAutomation\SampleLight\CC2538\Coordinator\Obj\hal_key.o"
#        "C:\Texas Instruments\Z-Stack Home
#        1.2.0\Projects\zstack\HomeAutomation\SampleLight\CC2538\Coordinator\Obj\hal_lcd.o"
#        "C:\Texas Instruments\Z-Stack Home
#        1.2.0\Projects\zstack\HomeAutomation\SampleLight\CC2538\Coordinator\Obj\hal_led.o"
#        "C:\Texas Instruments\Z-Stack Home
#        1.2.0\Projects\zstack\HomeAutomation\SampleLight\CC2538\Coordinator\Obj\hal_mac_cfg.o"
#        "C:\Texas Instruments\Z-Stack Home
#        1.2.0\Projects\zstack\HomeAutomation\SampleLight\CC2538\Coordinator\Obj\hal_sleep.o"
#        "C:\Texas Instruments\Z-Stack Home
#        1.2.0\Projects\zstack\HomeAutomation\SampleLight\CC2538\Coordinator\Obj\hal_sys_ctrl.o"
#        "C:\Texas Instruments\Z-Stack Home
#        1.2.0\Projects\zstack\HomeAutomation\SampleLight\CC2538\Coordinator\Obj\hal_systick.o"
#        "C:\Texas Instruments\Z-Stack Home
#        1.2.0\Projects\zstack\HomeAutomation\SampleLight\CC2538\Coordinator\Obj\hal_uart.o"
#        "C:\Texas Instruments\Z-Stack Home
#        1.2.0\Projects\zstack\HomeAutomation\SampleLight\CC2538\Coordinator\Obj\mac_autopend.o"
#        "C:\Texas Instruments\Z-Stack Home
#        1.2.0\Projects\zstack\HomeAutomation\SampleLight\CC2538\Coordinator\Obj\mac_backoff_timer.o"
#        "C:\Texas Instruments\Z-Stack Home
#        1.2.0\Projects\zstack\HomeAutomation\SampleLight\CC2538\Coordinator\Obj\mac_cfg.o"
#        "C:\Texas Instruments\Z-Stack Home
#        1.2.0\Projects\zstack\HomeAutomation\SampleLight\CC2538\Coordinator\Obj\mac_csp_tx.o"
#        "C:\Texas Instruments\Z-Stack Home
#        1.2.0\Projects\zstack\HomeAutomation\SampleLight\CC2538\Coordinator\Obj\mac_low_level.o"
#        "C:\Texas Instruments\Z-Stack Home
#        1.2.0\Projects\zstack\HomeAutomation\SampleLight\CC2538\Coordinator\Obj\mac_mcu.o"
#        "C:\Texas Instruments\Z-Stack Home
#        1.2.0\Projects\zstack\HomeAutomation\SampleLight\CC2538\Coordinator\Obj\mac_mem.o"
#        "C:\Texas Instruments\Z-Stack Home
#        1.2.0\Projects\zstack\HomeAutomation\SampleLight\CC2538\Coordinator\Obj\mac_pib.o"
#        "C:\Texas Instruments\Z-Stack Home
#        1.2.0\Projects\zstack\HomeAutomation\SampleLight\CC2538\Coordinator\Obj\mac_radio.o"
#        "C:\Texas Instruments\Z-Stack Home
#        1.2.0\Projects\zstack\HomeAutomation\SampleLight\CC2538\Coordinator\Obj\mac_radio_defs.o"
#        "C:\Texas Instruments\Z-Stack Home
#        1.2.0\Projects\zstack\HomeAutomation\SampleLight\CC2538\Coordinator\Obj\mac_rffrontend.o"
#        "C:\Texas Instruments\Z-Stack Home
#        1.2.0\Projects\zstack\HomeAutomation\SampleLight\CC2538\Coordinator\Obj\mac_rx.o"
#        "C:\Texas Instruments\Z-Stack Home
#        1.2.0\Projects\zstack\HomeAutomation\SampleLight\CC2538\Coordinator\Obj\mac_rx_onoff.o"
#        "C:\Texas Instruments\Z-Stack Home
#        1.2.0\Projects\zstack\HomeAutomation\SampleLight\CC2538\Coordinator\Obj\mac_sleep.o"
#        "C:\Texas Instruments\Z-Stack Home
#        1.2.0\Projects\zstack\HomeAutomation\SampleLight\CC2538\Coordinator\Obj\mac_tx.o"
#        "C:\Texas Instruments\Z-Stack Home
#        1.2.0\Projects\zstack\HomeAutomation\SampleLight\CC2538\Coordinator\Obj\MT.o"
#        "C:\Texas Instruments\Z-Stack Home
#        1.2.0\Projects\zstack\HomeAutomation\SampleLight\CC2538\Coordinator\Obj\MT_AF.o"
#        "C:\Texas Instruments\Z-Stack Home
#        1.2.0\Projects\zstack\HomeAutomation\SampleLight\CC2538\Coordinator\Obj\MT_APP.o"
#        "C:\Texas Instruments\Z-Stack Home
#        1.2.0\Projects\zstack\HomeAutomation\SampleLight\CC2538\Coordinator\Obj\MT_DEBUG.o"
#        "C:\Texas Instruments\Z-Stack Home
#        1.2.0\Projects\zstack\HomeAutomation\SampleLight\CC2538\Coordinator\Obj\MT_NWK.o"
#        "C:\Texas Instruments\Z-Stack Home
#        1.2.0\Projects\zstack\HomeAutomation\SampleLight\CC2538\Coordinator\Obj\MT_SYS.o"
#        "C:\Texas Instruments\Z-Stack Home
#        1.2.0\Projects\zstack\HomeAutomation\SampleLight\CC2538\Coordinator\Obj\MT_TASK.o"
#        "C:\Texas Instruments\Z-Stack Home
#        1.2.0\Projects\zstack\HomeAutomation\SampleLight\CC2538\Coordinator\Obj\MT_UART.o"
#        "C:\Texas Instruments\Z-Stack Home
#        1.2.0\Projects\zstack\HomeAutomation\SampleLight\CC2538\Coordinator\Obj\MT_UTIL.o"
#        "C:\Texas Instruments\Z-Stack Home
#        1.2.0\Projects\zstack\HomeAutomation\SampleLight\CC2538\Coordinator\Obj\MT_VERSION.o"
#        "C:\Texas Instruments\Z-Stack Home
#        1.2.0\Projects\zstack\HomeAutomation\SampleLight\CC2538\Coordinator\Obj\MT_ZDO.o"
#        "C:\Texas Instruments\Z-Stack Home
#        1.2.0\Projects\zstack\HomeAutomation\SampleLight\CC2538\Coordinator\Obj\nwk_globals.o"
#        "C:\Texas Instruments\Z-Stack Home
#        1.2.0\Projects\zstack\HomeAutomation\SampleLight\CC2538\Coordinator\Obj\OnBoard.o"
#        "C:\Texas Instruments\Z-Stack Home
#        1.2.0\Projects\zstack\HomeAutomation\SampleLight\CC2538\Coordinator\Obj\OSAL.o"
#        "C:\Texas Instruments\Z-Stack Home
#        1.2.0\Projects\zstack\HomeAutomation\SampleLight\CC2538\Coordinator\Obj\OSAL_Clock.o"
#        "C:\Texas Instruments\Z-Stack Home
#        1.2.0\Projects\zstack\HomeAutomation\SampleLight\CC2538\Coordinator\Obj\OSAL_Memory.o"
#        "C:\Texas Instruments\Z-Stack Home
#        1.2.0\Projects\zstack\HomeAutomation\SampleLight\CC2538\Coordinator\Obj\osal_nv.o"
#        "C:\Texas Instruments\Z-Stack Home
#        1.2.0\Projects\zstack\HomeAutomation\SampleLight\CC2538\Coordinator\Obj\OSAL_PwrMgr.o"
#        "C:\Texas Instruments\Z-Stack Home
#        1.2.0\Projects\zstack\HomeAutomation\SampleLight\CC2538\Coordinator\Obj\OSAL_SampleLight.o"
#        "C:\Texas Instruments\Z-Stack Home
#        1.2.0\Projects\zstack\HomeAutomation\SampleLight\CC2538\Coordinator\Obj\OSAL_Timers.o"
#        "C:\Texas Instruments\Z-Stack Home
#        1.2.0\Projects\zstack\HomeAutomation\SampleLight\CC2538\Coordinator\Obj\saddr.o"
#        "C:\Texas Instruments\Z-Stack Home
#        1.2.0\Projects\zstack\HomeAutomation\SampleLight\CC2538\Coordinator\Obj\startup_ewarm.o"
#        "C:\Texas Instruments\Z-Stack Home
#        1.2.0\Projects\zstack\HomeAutomation\SampleLight\CC2538\Coordinator\Obj\stub_aps.o"
#        "C:\Texas Instruments\Z-Stack Home
#        1.2.0\Projects\zstack\HomeAutomation\SampleLight\CC2538\Coordinator\Obj\zcl.o"
#        "C:\Texas Instruments\Z-Stack Home
#        1.2.0\Projects\zstack\HomeAutomation\SampleLight\CC2538\Coordinator\Obj\zcl_ezmode.o"
#        "C:\Texas Instruments\Z-Stack Home
#        1.2.0\Projects\zstack\HomeAutomation\SampleLight\CC2538\Coordinator\Obj\zcl_general.o"
#        "C:\Texas Instruments\Z-Stack Home
#        1.2.0\Projects\zstack\HomeAutomation\SampleLight\CC2538\Coordinator\Obj\zcl_ha.o"
#        "C:\Texas Instruments\Z-Stack Home
#        1.2.0\Projects\zstack\HomeAutomation\SampleLight\CC2538\Coordinator\Obj\zcl_samplelight.o"
#        "C:\Texas Instruments\Z-Stack Home
#        1.2.0\Projects\zstack\HomeAutomation\SampleLight\CC2538\Coordinator\Obj\zcl_samplelight_data.o"
#        "C:\Texas Instruments\Z-Stack Home
#        1.2.0\Projects\zstack\HomeAutomation\SampleLight\CC2538\Coordinator\Obj\ZDApp.o"
#        "C:\Texas Instruments\Z-Stack Home
#        1.2.0\Projects\zstack\HomeAutomation\SampleLight\CC2538\Coordinator\Obj\ZDConfig.o"
#        "C:\Texas Instruments\Z-Stack Home
#        1.2.0\Projects\zstack\HomeAutomation\SampleLight\CC2538\Coordinator\Obj\ZDNwkMgr.o"
#        "C:\Texas Instruments\Z-Stack Home
#        1.2.0\Projects\zstack\HomeAutomation\SampleLight\CC2538\Coordinator\Obj\ZDObject.o"
#        "C:\Texas Instruments\Z-Stack Home
#        1.2.0\Projects\zstack\HomeAutomation\SampleLight\CC2538\Coordinator\Obj\ZDProfile.o"
#        "C:\Texas Instruments\Z-Stack Home
#        1.2.0\Projects\zstack\HomeAutomation\SampleLight\CC2538\Coordinator\Obj\ZDSecMgr.o"
#        "C:\Texas Instruments\Z-Stack Home
#        1.2.0\Projects\zstack\HomeAutomation\SampleLight\CC2538\Coordinator\Obj\ZGlobals.o"
#        "C:\Texas Instruments\Z-Stack Home
#        1.2.0\Projects\zstack\HomeAutomation\SampleLight\CC2538\Coordinator\Obj\zmac.o"
#        "C:\Texas Instruments\Z-Stack Home
#        1.2.0\Projects\zstack\HomeAutomation\SampleLight\CC2538\Coordinator\Obj\zmac_cb.o"
#        "C:\Texas Instruments\Z-Stack Home
#        1.2.0\Projects\zstack\HomeAutomation\SampleLight\CC2538\Coordinator\Obj\ZMain.o"
#        --redirect _Printf=_PrintfTiny --redirect _Scanf=_ScanfSmall -o
#        "C:\Texas Instruments\Z-Stack Home
#        1.2.0\Projects\zstack\HomeAutomation\SampleLight\CC2538\Coordinator\Exe\SampleLight.out"
#        --map "C:\Texas Instruments\Z-Stack Home
#        1.2.0\Projects\zstack\HomeAutomation\SampleLight\CC2538\Coordinator\List\SampleLight.map"
#        --config "C:\Texas Instruments\Z-Stack Home
#        1.2.0\Projects\zstack\HomeAutomation\SampleLight\CC2538\..\..\..\Tools\CC2538DB\CC2538.icf"
#        --semihosting "C:\Texas Instruments\Z-Stack Home
#        1.2.0\Projects\zstack\HomeAutomation\SampleLight\CC2538\..\..\..\Libraries\CC2538\bin\Router.a"
#        "C:\Texas Instruments\Z-Stack Home
#        1.2.0\Projects\zstack\HomeAutomation\SampleLight\CC2538\..\..\..\Libraries\TIMAC\bin\TIMAC-CC2538.a"
#        "C:\Texas Instruments\Z-Stack Home
#        1.2.0\Projects\zstack\HomeAutomation\SampleLight\CC2538\..\..\..\..\..\Components\driverlib\cc2538\bin\iar\sdriverlib.lib"
#        "C:\Texas Instruments\Z-Stack Home
#        1.2.0\Projects\zstack\HomeAutomation\SampleLight\CC2538\..\..\..\..\..\Components\bsp\srf06eb_cc2538\drivers\bin\iar\bsp.lib"
#        --entry __iar_program_start --vfe
#
###############################################################################

*******************************************************************************
*** RUNTIME MODEL ATTRIBUTES
***

CppFlavor       = *
__SystemLibrary = DLib


*******************************************************************************
*** PLACEMENT SUMMARY
***

"A1":  place at start of [0x00200000-0x0027c7ff] { ro section .intvec };
"A2":  place at start of [0x0027ffd4-0x0027ffdf] { ro section .cca };
"P1":  place in [from 0x00200000 to 0x0027c7ff] { ro };
"A7":  place at start of [0x20004000-0x20007fff] { section VTABLE };
"P2":  place in [from 0x20004000 to 0x20007fff] { rw, block HEAP };

  Section            Kind        Address     Size  Object
  -------            ----        -------     ----  ------
"A1":                                       0x100
  .intvec            const    0x00200000    0x100  startup_ewarm.o [1]
                            - 0x00200100    0x100

"P1":                                     0x20959
  .text              ro code  0x00200100   0x27fc  mac_beacon.o [4]
  .text              ro code  0x002028fc    0x7a4  OSAL.o [1]
  .text              ro code  0x002030a0    0x20c  OSAL_Memory.o [1]
  .text              ro code  0x002032ac     0xa6  saddr.o [1]
  .text              ro code  0x00203352     0x22  zero_init3.o [8]
  .text              ro code  0x00203374    0x250  interrupt.o [9]
  .text              ro code  0x002035c4    0x170  mac_backoff_timer.o [1]
  .text              ro code  0x00203734    0x2d4  zmac_cb.o [1]
  .text              ro code  0x00203a08    0x2f0  mac_radio.o [1]
  .text              ro code  0x00203cf8    0x200  mac_pib.o [1]
  .text              ro code  0x00203ef8    0x4a4  mac_tx.o [1]
  .text              ro code  0x0020439c    0x204  mac_rx_onoff.o [1]
  .text              ro code  0x002045a0    0x29c  hal_assert.o [1]
  .text              ro code  0x0020483c     0x68  mac_low_level.o [1]
  .text              ro code  0x002048a4     0x36  strlen.o [8]
  .text              ro code  0x002048da     0x14  memset.o [6]
  .rodata            const    0x002048ee      0x2  MT_SYS.o [1]
  .text              ro code  0x002048f0      0x6  ABImemclr.o [8]
  .rodata            const    0x002048f6      0x2  MT_SYS.o [1]
  .text              ro code  0x002048f8    0x110  OnBoard.o [1]
  .text              ro code  0x00204a08     0x44  strcpy_unaligned.o [8]
  .text              ro code  0x00204a4c     0x1c  strcat.o [6]
  .text              ro code  0x00204a68    0x308  OSAL_Timers.o [1]
  .text              ro code  0x00204d70     0x18  OSAL_PwrMgr.o [1]
  .text              ro code  0x00204d88     0x94  OSAL_SampleLight.o [1]
  .text              ro code  0x00204e1c     0x98  hal_drivers.o [1]
  .text              ro code  0x00204eb4     0x10  cpu.o [9]
  .text              ro code  0x00204ec4    0x6f8  mac_mcu.o [1]
  .text              ro code  0x002055bc    0x4cc  nwk_bufs.o [3]
  .text              ro code  0x00205a88     0x74  mac_mem.o [1]
  .text              ro code  0x00205afc    0xab0  mac_rx.o [1]
  .text              ro code  0x002065ac     0x76  ABImemcpy_unaligned.o [8]
  .rodata            const    0x00206622      0x2  nwk_globals.o [1]
  .text              ro code  0x00206624    0x5b0  mac_csp_tx.o [1]
  .text              ro code  0x00206bd4    0x198  hal_sys_ctrl.o [1]
  .text              ro code  0x00206d6c    0x1c0  gpio.o [9]
  .text              ro code  0x00206f2c     0x68  mac_sleep.o [1]
  .text              ro code  0x00206f94     0x66  ABImemset.o [8]
  .rodata            const    0x00206ffa      0x2  nwk_globals.o [1]
  .text              ro code  0x00206ffc    0x194  hal_key.o [1]
  .text              ro code  0x00207190   0x1748  nwk.o [3]
  .text              ro code  0x002088d8    0x190  MT_TASK.o [1]
  .text              ro code  0x00208a68    0x73c  APS.o [3]
  .text              ro code  0x002091a4    0x63c  aps_frag.o [3]
  .text              ro code  0x002097e0   0x1284  ZDApp.o [1]
  .text              ro code  0x0020aa64    0x5fc  ZDNwkMgr.o [1]
  .text              ro code  0x0020b060   0x1e66  zcl.o [1]
  .rodata            const    0x0020cec6      0x2  nwk_globals.o [1]
  .text              ro code  0x0020cec8    0x5e4  zcl_samplelight.o [1]
  .text              ro code  0x0020d4ac     0x5c  hal_aes.o [1]
  .text              ro code  0x0020d508    0x1c0  hal_lcd.o [1]
  .text              ro code  0x0020d6c8    0x36c  hal_led.o [1]
  .text              ro code  0x0020da34    0x556  hal_uart.o [1]
  .rodata            const    0x0020df8a      0x2  nwk_globals.o [1]
  .text              ro code  0x0020df8c   0x256e  nwk_util.o [3]
  .rodata            const    0x002104fa      0x2  nwk_globals.o [1]
  .text              ro code  0x002104fc    0x28c  zmac.o [1]
  .text              ro code  0x00210788    0x46c  mac_autopend.o [1]
  .text              ro code  0x00210bf4    0x1e4  sys_ctrl.o [9]
  .text              ro code  0x00210dd8    0x2e4  ioc.o [9]
  .text              ro code  0x002110bc     0x90  mac_radio_defs.o [1]
  .text              ro code  0x0021114c    0x30c  bsp_key.o [5]
  .text              ro code  0x00211458    0x2e0  nwk_globals.o [1]
  .text              ro code  0x00211738    0x5d8  AssocList.o [3]
  .text              ro code  0x00211d10   0x1acc  rtg.o [3]
  .text              ro code  0x002137dc    0x500  NLMEDE.o [3]
  .text              ro code  0x00213cdc    0x260  NLMEDE_CB.o [3]
  .text              ro code  0x00213f3c    0x598  ssp.o [3]
  .text              ro code  0x002144d4    0x1c0  aps_groups.o [3]
  .text              ro code  0x00214694    0x444  AddrMgr.o [3]
  .text              ro code  0x00214ad8    0x25c  MT_UART.o [1]
  .text              ro code  0x00214d34    0x102  MT.o [1]
  .rodata            const    0x00214e36      0x2  nwk_globals.o [1]
  .text              ro code  0x00214e38     0xc8  MT_AF.o [1]
  .text              ro code  0x00214f00    0x8b4  MT_SYS.o [1]
  .text              ro code  0x002157b4     0xc2  MT_DEBUG.o [1]
  .rodata            const    0x00215876      0x2  nwk_globals.o [1]
  .text              ro code  0x00215878    0x8bc  BindingTable.o [1]
  .text              ro code  0x00216134    0x694  AF.o [1]
  .text              ro code  0x002167c8    0xce4  APSMEDE.o [3]
  .text              ro code  0x002174ac    0x148  reflecttrack.o [3]
  .text              ro code  0x002175f4    0x134  APSMEDE_CB.o [3]
  .text              ro code  0x00217728    0x228  aps_util.o [3]
  .text              ro code  0x00217950   0x140e  ZDObject.o [1]
  .rodata            const    0x00218d5e      0x2  zcl_samplelight_data.o [1]
  .text              ro code  0x00218d60    0xb50  ZDSecMgr.o [1]
  .text              ro code  0x002198b0    0x218  ZGlobals.o [1]
  .text              ro code  0x00219ac8     0xe4  ZDConfig.o [1]
  .text              ro code  0x00219bac   0x1126  osal_nv.o [1]
  .rodata            const    0x0021acd2      0x1  nwk_globals.o [1]
  .rodata            const    0x0021acd3      0x1  nwk_globals.o [1]
  .text              ro code  0x0021acd4   0x106c  ZDProfile.o [1]
  .text              ro code  0x0021bd40     0xc4  zcl_ha.o [1]
  .text              ro code  0x0021be04   0x1510  zcl_general.o [1]
  .text              ro code  0x0021d314    0x39c  zcl_ezmode.o [1]
  .text              ro code  0x0021d6b0    0x1ec  aes.o [9]
  .text              ro code  0x0021d89c     0xb4  bsp.o [5]
  .text              ro code  0x0021d950    0x120  lcd_srf06eb.o [5]
  .text              ro code  0x0021da70     0x4c  DebugTrace.o [1]
  .text              ro code  0x0021dabc      0xc  memcpy.o [6]
  .text              ro code  0x0021dac8     0xe4  lcd_dogm128_6.o [5]
  .text              ro code  0x0021dbac     0xd6  uart.o [9]
  .rodata            const    0x0021dc82      0x1  nwk_globals.o [1]
  .rodata            const    0x0021dc83      0x1  nwk_globals.o [1]
  .text              ro code  0x0021dc84    0x350  io_pin_int.o [5]
  .text              ro code  0x0021dfd4    0x2b2  ssp_hash.o [3]
  .rodata            const    0x0021e286      0x1  nwk_globals.o [1]
  .rodata            const    0x0021e287      0x1  nwk_globals.o [1]
  .text              ro code  0x0021e288    0x102  hal_ccm.o [1]
  .rodata            const    0x0021e38a      0x1  nwk_globals.o [1]
  .rodata            const    0x0021e38b      0x1  nwk_globals.o [1]
  .text              ro code  0x0021e38c    0xcc0  MT_ZDO.o [1]
  .text              ro code  0x0021f04c     0x38  hal_adc.o [1]
  .text              ro code  0x0021f084    0x308  OSAL_Clock.o [1]
  .text              ro code  0x0021f38c    0x1b6  armcm3flashutil.o [1]
  .rodata            const    0x0021f542      0x1  nwk_globals.o [1]
  .rodata            const    0x0021f543      0x1  nwk_globals.o [1]
  .text              ro code  0x0021f544     0x8a  ssi.o [9]
  .rodata            const    0x0021f5ce      0x1  nwk_globals.o [1]
  .rodata            const    0x0021f5cf      0x1  nwk_globals.o [1]
  .text              ro code  0x0021f5d0    0x3b0  ccm.o [9]
  .text              ro code  0x0021f980     0x34  systick.o [9]
  .text              ro code  0x0021f9b4     0x38  flash.o [9]
  .text              ro code  0x0021f9ec    0x290  ZMain.o [1]
  .text              ro code  0x0021fc7c     0x2a  hal_systick.o [1]
  .rodata            const    0x0021fca6      0x1  nwk_globals.o [1]
  .rodata            const    0x0021fca7      0x1  nwk_globals.o [1]
  .rodata            const    0x0021fca8    0x1d8  lcd_dogm128_6_alphabet.o [5]
  .rodata            const    0x0021fe80    0x190  ZGlobals.o [1]
  .text              ro code  0x00220010     0xd4  packbits_init.o [8]
  .text              ro code  0x002200e4      0x6  abort.o [6]
  .rodata            const    0x002200ea      0x1  nwk_globals.o [1]
  .rodata            const    0x002200eb      0x1  nwk_globals.o [1]
  .text              ro code  0x002200ec     0x14  exit.o [10]
  .text              ro code  0x00220100     0xce  MT_APP.o [1]
  .rodata            const    0x002201ce      0x1  nwk_globals.o [1]
  .rodata            const    0x002201cf      0x1  nwk_globals.o [1]
  .rodata            const    0x002201d0     0xcc  mac_beacon.o [4]
  .rodata            const    0x0022029c     0xb8  zcl.o [1]
  .rodata            const    0x00220354     0x90  mac_pib.o [1]
  .rodata            const    0x002203e4     0x90  zcl_samplelight_data.o [1]
  .rodata            const    0x00220474     0x68  ZDProfile.o [1]
  .rodata            const    0x002204dc     0x4c  mac_pib.o [1]
  .text              ro code  0x00220528     0x42  startup_ewarm.o [1]
  .text              ro code  0x0022056a      0xc  cstartup_M.o [8]
  .rodata            const    0x00220576      0x1  nwk_globals.o [1]
  .rodata            const    0x00220577      0x1  nwk_globals.o [1]
  .text              ro code  0x00220578     0x1a  cmain.o [8]
  .text              ro code  0x00220592      0x4  low_level_init.o [6]
  .rodata            const    0x00220596      0x1  nwk_globals.o [1]
  .rodata            const    0x00220597      0x1  nwk_globals.o [1]
  .text              ro code  0x00220598     0x28  data_init.o [8]
  .text              ro code  0x002205c0      0x4  exit.o [6]
  .text              ro code  0x002205c4      0xa  cexit.o [8]
  .rodata            const    0x002205ce      0x1  nwk_globals.o [1]
  .rodata            const    0x002205cf      0x1  nwk_globals.o [1]
  .rodata            const    0x002205d0     0x28  OSAL_SampleLight.o [1]
  .rodata            const    0x002205f8     0x24  mac_radio_defs.o [1]
  .iar.init_table    const    0x0022061c     0x34  - Linker created -
  .rodata            const    0x00220650     0x18  hal_lcd.o [1]
  .rodata            const    0x00220668     0x14  hal_uart.o [1]
  .rodata            const    0x0022067c     0x14  zcl_samplelight.o [1]
  .rodata            const    0x00220690     0x14  zcl_samplelight_data.o [1]
  .rodata            const    0x002206a4     0x14  zcl_samplelight_data.o [1]
  .rodata            const    0x002206b8     0x14  zcl_samplelight_data.o [1]
  .rodata            const    0x002206cc     0x14  ZDNwkMgr.o [1]
  .rodata            const    0x002206e0     0x14  zmac_cb.o [1]
  .rodata            const    0x002206f4     0x14  ZMain.o [1]
  .rodata            const    0x00220708     0x10  nwk_globals.o [1]
  .rodata            const    0x00220718     0x10  nwk_globals.o [1]
  .rodata            const    0x00220728     0x10  nwk_globals.o [1]
  .rodata            const    0x00220738     0x10  nwk_globals.o [1]
  .rodata            const    0x00220748     0x10  nwk_globals.o [1]
  .rodata            const    0x00220758     0x10  nwk_globals.o [1]
  .rodata            const    0x00220768     0x10  nwk_globals.o [1]
  .rodata            const    0x00220778     0x10  zcl_samplelight.o [1]
  .rodata            const    0x00220788     0x10  zcl_samplelight.o [1]
  .rodata            const    0x00220798     0x10  zcl_samplelight.o [1]
  .rodata            const    0x002207a8     0x10  zcl_samplelight.o [1]
  .rodata            const    0x002207b8     0x10  zcl_samplelight.o [1]
  .rodata            const    0x002207c8     0x10  zcl_samplelight.o [1]
  .rodata            const    0x002207d8     0x10  zcl_samplelight.o [1]
  .rodata            const    0x002207e8     0x10  zcl_samplelight.o [1]
  .rodata            const    0x002207f8     0x10  zcl_samplelight.o [1]
  .rodata            const    0x00220808     0x10  zcl_samplelight.o [1]
  .rodata            const    0x00220818     0x10  ZDObject.o [1]
  .rodata            const    0x00220828     0x10  ZDObject.o [1]
  .rodata            const    0x00220838     0x10  ZDObject.o [1]
  .rodata            const    0x00220848     0x10  ZDObject.o [1]
  .rodata            const    0x00220858      0xc  nwk_globals.o [1]
  .rodata            const    0x00220864      0xc  nwk_globals.o [1]
  .rodata            const    0x00220870      0xc  nwk_globals.o [1]
  .rodata            const    0x0022087c      0xc  zcl_ha.o [1]
  .rodata            const    0x00220888      0xc  zcl_samplelight_data.o [1]
  .rodata            const    0x00220894      0xc  ZDObject.o [1]
  .rodata            const    0x002208a0      0xc  ZDObject.o [1]
  .text              ro code  0x002208ac      0xa  hal_sleep.o [1]
  .rodata            const    0x002208b6      0x1  nwk_globals.o [1]
  .rodata            const    0x002208b7      0x1  nwk_globals.o [1]
  .rodata            const    0x002208b8      0x8  mac_cfg.o [1]
  .rodata            const    0x002208c0      0x8  MT_SYS.o [1]
  .rodata            const    0x002208c8      0x8  MT_VERSION.o [1]
  .rodata            const    0x002208d0      0x8  nwk_globals.o [1]
  .rodata            const    0x002208d8      0x8  nwk_globals.o [1]
  .rodata            const    0x002208e0      0x8  nwk_globals.o [1]
  .rodata            const    0x002208e8      0x8  nwk_globals.o [1]
  .rodata            const    0x002208f0      0x8  nwk_globals.o [1]
  .rodata            const    0x002208f8      0x8  osal_nv.o [1]
  .rodata            const    0x00220900      0x8  zcl_ha.o [1]
  .rodata            const    0x00220908      0x8  zcl_ha.o [1]
  .rodata            const    0x00220910      0x8  zcl_ha.o [1]
  .rodata            const    0x00220918      0x8  zcl_samplelight.o [1]
  .rodata            const    0x00220920      0x8  ZMain.o [1]
  .rodata            const    0x00220928      0x8  ZMain.o [1]
  .rodata            const    0x00220930      0x4  mac_rx.o [1]
  .rodata            const    0x00220934      0x4  nwk_globals.o [1]
  .rodata            const    0x00220938      0x1  nwk_globals.o [1]
  .rodata            const    0x00220939      0x1  OSAL_SampleLight.o [1]
  .rodata            const    0x0022093a      0x1  zcl_samplelight_data.o [1]
  .rodata            const    0x0022093b      0x1  zcl_samplelight_data.o [1]
  .rodata            const    0x0022093c      0x1  zcl_samplelight_data.o [1]
  .rodata            const    0x0022093d      0x1  zcl_samplelight_data.o [1]
  .rodata            const    0x0022093e      0x1  ZDProfile.o [1]
  .rodata            const    0x0022093f      0x0  zero_init3.o [8]
  .rodata            const    0x0022093f      0x0  packbits_init.o [8]
  Initializer bytes  ro data  0x0022093f    0x11a  <for P2 s0>
                            - 0x00220a59  0x20959

Absolute sections:                         0x3000
  .noinit            uninit   0x0027c800   0x3000  osal_nv.o [1]
                            - 0x0027f800   0x3000

"A2":                                         0xc
  .cca               const    0x0027ffd4      0xc  startup_ewarm.o [1]
                            - 0x0027ffe0      0xc

"A7":                                       0x100
  VTABLE             zero     0x20004000    0x100  interrupt.o [9]
                            - 0x20004100    0x100

"P2", part 1 of 3:                          0x26c
  P2 s0                       0x20004100    0x269  <Init block>
    .data            inited   0x20004100     0x80  mac_beacon.o [4]
    .data            inited   0x20004180     0x5c  mac_beacon.o [4]
    .data            inited   0x200041dc     0x48  MT.o [1]
    .data            inited   0x20004224     0x40  zcl_samplelight.o [1]
    .data            inited   0x20004264     0x1c  APS.o [3]
    .data            inited   0x20004280     0x14  zcl_samplelight.o [1]
    .data            inited   0x20004294     0x14  zcl_samplelight_data.o [1]
    .data            inited   0x200042a8     0x14  zcl_samplelight_data.o [1]
    .data            inited   0x200042bc     0x14  nwk.o [3]
    .data            inited   0x200042d0     0x10  zcl_samplelight.o [1]
    .data            inited   0x200042e0     0x10  ZDApp.o [1]
    .data            inited   0x200042f0     0x10  nwk_util.o [3]
    .data            inited   0x20004300      0xc  aps_frag.o [3]
    .data            inited   0x2000430c      0x8  reflecttrack.o [3]
    .data            inited   0x20004314      0x4  osal_nv.o [1]
    .data            inited   0x20004318      0x4  zcl_samplelight.o [1]
    .data            inited   0x2000431c      0x4  ZDProfile.o [1]
    .data            inited   0x20004320      0x4  ZGlobals.o [1]
    .data            inited   0x20004324      0x4  mac_beacon.o [4]
    .data            inited   0x20004328      0x2  ZDApp.o [1]
    .data            inited   0x2000432a      0x2  ZGlobals.o [1]
    .data            inited   0x2000432c      0x2  ZGlobals.o [1]
    .data            inited   0x2000432e      0x2  ZGlobals.o [1]
    .data            inited   0x20004330      0x2  ZGlobals.o [1]
    .data            inited   0x20004332      0x2  ZGlobals.o [1]
    .data            inited   0x20004334      0x2  ZGlobals.o [1]
    .data            inited   0x20004336      0x2  ZGlobals.o [1]
    .data            inited   0x20004338      0x2  ZGlobals.o [1]
    .data            inited   0x2000433a      0x2  ZGlobals.o [1]
    .data            inited   0x2000433c      0x2  ZGlobals.o [1]
    .data            inited   0x2000433e      0x2  NLMEDE.o [3]
    .data            inited   0x20004340      0x2  reflecttrack.o [3]
    .data            inited   0x20004342      0x1  AF.o [1]
    .data            inited   0x20004343      0x1  mac_sleep.o [1]
    .data            inited   0x20004344      0x1  nwk_globals.o [1]
    .data            inited   0x20004345      0x1  OnBoard.o [1]
    .data            inited   0x20004346      0x1  OSAL.o [1]
    .data            inited   0x20004347      0x1  zcl.o [1]
    .data            inited   0x20004348      0x1  zcl_samplelight.o [1]
    .data            inited   0x20004349      0x1  zcl_samplelight_data.o [1]
    .data            inited   0x2000434a      0x1  ZDApp.o [1]
    .data            inited   0x2000434b      0x1  ZDApp.o [1]
    .data            inited   0x2000434c      0x1  ZDSecMgr.o [1]
    .data            inited   0x2000434d      0x1  ZGlobals.o [1]
    .data            inited   0x2000434e      0x1  ZGlobals.o [1]
    .data            inited   0x2000434f      0x1  ZGlobals.o [1]
    .data            inited   0x20004350      0x1  ZGlobals.o [1]
    .data            inited   0x20004351      0x1  ZGlobals.o [1]
    .data            inited   0x20004352      0x1  ZGlobals.o [1]
    .data            inited   0x20004353      0x1  ZGlobals.o [1]
    .data            inited   0x20004354      0x1  ZGlobals.o [1]
    .data            inited   0x20004355      0x1  ZGlobals.o [1]
    .data            inited   0x20004356      0x1  ZGlobals.o [1]
    .data            inited   0x20004357      0x1  ZGlobals.o [1]
    .data            inited   0x20004358      0x1  ZGlobals.o [1]
    .data            inited   0x20004359      0x1  ZGlobals.o [1]
    .data            inited   0x2000435a      0x1  ZGlobals.o [1]
    .data            inited   0x2000435b      0x1  ZGlobals.o [1]
    .data            inited   0x2000435c      0x1  ZGlobals.o [1]
    .data            inited   0x2000435d      0x1  ZGlobals.o [1]
    .data            inited   0x2000435e      0x1  ZGlobals.o [1]
    .data            inited   0x2000435f      0x1  ZGlobals.o [1]
    .data            inited   0x20004360      0x1  ZGlobals.o [1]
    .data            inited   0x20004361      0x1  ZGlobals.o [1]
    .data            inited   0x20004362      0x1  ZGlobals.o [1]
    .data            inited   0x20004363      0x1  ZGlobals.o [1]
    .data            inited   0x20004364      0x1  ZGlobals.o [1]
    .data            inited   0x20004365      0x1  ZGlobals.o [1]
    .data            inited   0x20004366      0x1  ZGlobals.o [1]
    .data            inited   0x20004367      0x1  nwk_util.o [3]
    .data            inited   0x20004368      0x1  NLMEDE.o [3]
                            - 0x20004369    0x269

"P2", part 2 of 3:                         0x10dc
  .bss               zero     0x2000436c    0x400  lcd_dogm128_6.o [5]
  .bss               zero     0x2000476c    0x1f8  nwk_globals.o [1]
  .bss               zero     0x20004964    0x1c0  nwk_globals.o [1]
  .bss               zero     0x20004b24    0x140  nwk_globals.o [1]
  .bss               zero     0x20004c64     0x78  nwk.o [3]
  .bss               zero     0x20004cdc     0x70  io_pin_int.o [5]
  .bss               zero     0x20004d4c     0x60  nwk_globals.o [1]
  .bss               zero     0x20004dac     0x60  mac_beacon.o [4]
  .bss               zero     0x20004e0c     0x50  nwk_globals.o [1]
  .bss               zero     0x20004e5c     0x50  ZDProfile.o [1]
  .bss               zero     0x20004eac     0x4c  mac_pib.o [1]
  .bss               zero     0x20004ef8     0x48  nwk_globals.o [1]
  .bss               zero     0x20004f40     0x38  nwk_globals.o [1]
  .bss               zero     0x20004f78     0x38  mac_beacon.o [4]
  .bss               zero     0x20004fb0     0x34  hal_led.o [1]
  .bss               zero     0x20004fe4     0x34  ZDObject.o [1]
  .bss               zero     0x20005018     0x2c  hal_uart.o [1]
  .bss               zero     0x20005044     0x2c  mac_beacon.o [4]
  .bss               zero     0x20005070     0x24  nwk_globals.o [1]
  .bss               zero     0x20005094     0x24  ZDSecMgr.o [1]
  .bss               zero     0x200050b8     0x20  bsp_key.o [5]
  .bss               zero     0x200050d8     0x20  mac_beacon.o [4]
  .bss               zero     0x200050f8     0x20  io_pin_int.o [5]
  .bss               zero     0x20005118     0x1c  ZDApp.o [1]
  .bss               zero     0x20005134     0x1c  nwk_util.o [3]
  .bss               zero     0x20005150     0x18  nwk_globals.o [1]
  .bss               zero     0x20005168     0x14  nwk_globals.o [1]
  .bss               zero     0x2000517c     0x14  APSMEDE.o [3]
  .bss               zero     0x20005190     0x14  aes.o [9]
  .bss               zero     0x200051a4     0x10  zcl_ezmode.o [1]
  .bss               zero     0x200051b4     0x10  zcl_ezmode.o [1]
  .bss               zero     0x200051c4     0x10  ZDConfig.o [1]
  .bss               zero     0x200051d4     0x10  nwk_util.o [3]
  .bss               zero     0x200051e4     0x10  APS.o [3]
  .bss               zero     0x200051f4      0xc  nwk_globals.o [1]
  .bss               zero     0x20005200      0xc  osal_nv.o [1]
  .bss               zero     0x2000520c      0xc  osal_nv.o [1]
  .bss               zero     0x20005218      0xc  zcl_samplelight.o [1]
  .bss               zero     0x20005224      0xc  ZDApp.o [1]
  .bss               zero     0x20005230      0xc  ZDNwkMgr.o [1]
  .bss               zero     0x2000523c      0xc  ZDNwkMgr.o [1]
  .bss               zero     0x20005248      0xc  ZDSecMgr.o [1]
  .bss               zero     0x20005254      0xc  nwk_util.o [3]
  .bss               zero     0x20005260      0xc  nwk_util.o [3]
  .bss               zero     0x2000526c      0xc  NLMEDE.o [3]
  .bss               zero     0x20005278      0x8  OnBoard.o [1]
  .bss               zero     0x20005280      0x8  osal_nv.o [1]
  .bss               zero     0x20005288      0x8  OSAL_PwrMgr.o [1]
  .bss               zero     0x20005290      0x8  ZDApp.o [1]
  .bss               zero     0x20005298      0x8  ZGlobals.o [1]
  .bss               zero     0x200052a0      0x8  ZGlobals.o [1]
  .bss               zero     0x200052a8      0x8  ZGlobals.o [1]
  .bss               zero     0x200052b0      0x8  AddrMgr.o [3]
  .bss               zero     0x200052b8      0x8  ssp.o [3]
  .bss               zero     0x200052c0      0x8  ssp.o [3]
  .bss               zero     0x200052c8      0x4  AF.o [1]
  .bss               zero     0x200052cc      0x4  BindingTable.o [1]
  .bss               zero     0x200052d0      0x4  BindingTable.o [1]
  .bss               zero     0x200052d4      0x4  BindingTable.o [1]
  .bss               zero     0x200052d8      0x4  BindingTable.o [1]
  .bss               zero     0x200052dc      0x4  BindingTable.o [1]
  .bss               zero     0x200052e0      0x4  BindingTable.o [1]
  .bss               zero     0x200052e4      0x4  BindingTable.o [1]
  .bss               zero     0x200052e8      0x4  hal_aes.o [1]
  .bss               zero     0x200052ec      0x4  hal_key.o [1]
  .bss               zero     0x200052f0      0x4  mac_backoff_timer.o [1]
  .bss               zero     0x200052f4      0x4  mac_backoff_timer.o [1]
  .bss               zero     0x200052f8      0x4  mac_mcu.o [1]
  .bss               zero     0x200052fc      0x4  mac_mcu.o [1]
  .bss               zero     0x20005300      0x4  mac_mcu.o [1]
  .bss               zero     0x20005304      0x4  mac_rx.o [1]
  .bss               zero     0x20005308      0x4  mac_rx.o [1]
  .bss               zero     0x2000530c      0x4  mac_rx.o [1]
  .bss               zero     0x20005310      0x4  MT_AF.o [1]
  .bss               zero     0x20005314      0x4  MT_AF.o [1]
  .bss               zero     0x20005318      0x4  MT_UART.o [1]
  .bss               zero     0x2000531c      0x4  MT_ZDO.o [1]
  .bss               zero     0x20005320      0x4  OSAL.o [1]
  .bss               zero     0x20005324      0x4  OSAL_Clock.o [1]
  .bss               zero     0x20005328      0x4  OSAL_Clock.o [1]
  .bss               zero     0x2000532c      0x4  osal_nv.o [1]
  .bss               zero     0x20005330      0x4  OSAL_SampleLight.o [1]
  .bss               zero     0x20005334      0x4  OSAL_Timers.o [1]
  .bss               zero     0x20005338      0x4  OSAL_Timers.o [1]
  .bss               zero     0x2000533c      0x4  zcl.o [1]
  .bss               zero     0x20005340      0x4  zcl.o [1]
  .bss               zero     0x20005344      0x4  zcl.o [1]
  .bss               zero     0x20005348      0x4  zcl.o [1]
  .bss               zero     0x2000534c      0x4  zcl.o [1]
  .bss               zero     0x20005350      0x4  zcl_general.o [1]
  .bss               zero     0x20005354      0x4  zcl_general.o [1]
  .bss               zero     0x20005358      0x4  ZDApp.o [1]
  .bss               zero     0x2000535c      0x4  ZDApp.o [1]
  .bss               zero     0x20005360      0x4  ZDConfig.o [1]
  .bss               zero     0x20005364      0x4  ZDNwkMgr.o [1]
  .bss               zero     0x20005368      0x4  ZDNwkMgr.o [1]
  .bss               zero     0x2000536c      0x4  ZDNwkMgr.o [1]
  .bss               zero     0x20005370      0x4  ZDNwkMgr.o [1]
  .bss               zero     0x20005374      0x4  ZDNwkMgr.o [1]
  .bss               zero     0x20005378      0x4  ZDObject.o [1]
  .bss               zero     0x2000537c      0x4  ZDObject.o [1]
  .bss               zero     0x20005380      0x4  ZDProfile.o [1]
  .bss               zero     0x20005384      0x4  ZDSecMgr.o [1]
  .bss               zero     0x20005388      0x4  zmac.o [1]
  .bss               zero     0x2000538c      0x4  zmac.o [1]
  .bss               zero     0x20005390      0x4  zmac_cb.o [1]
  .bss               zero     0x20005394      0x4  APSMEDE.o [3]
  .bss               zero     0x20005398      0x4  nwk_util.o [3]
  .bss               zero     0x2000539c      0x4  rtg.o [3]
  .bss               zero     0x200053a0      0x4  rtg.o [3]
  .bss               zero     0x200053a4      0x4  rtg.o [3]
  .bss               zero     0x200053a8      0x4  rtg.o [3]
  .bss               zero     0x200053ac      0x4  rtg.o [3]
  .bss               zero     0x200053b0      0x4  aps_groups.o [3]
  .bss               zero     0x200053b4      0x4  APS.o [3]
  .bss               zero     0x200053b8      0x4  APS.o [3]
  .bss               zero     0x200053bc      0x4  APS.o [3]
  .bss               zero     0x200053c0      0x4  mac_beacon.o [4]
  .bss               zero     0x200053c4      0x4  NLMEDE.o [3]
  .bss               zero     0x200053c8      0x4  NLMEDE.o [3]
  .bss               zero     0x200053cc      0x4  nwk_bufs.o [3]
  .bss               zero     0x200053d0      0x4  nwk_bufs.o [3]
  .bss               zero     0x200053d4      0x2  zcl_ezmode.o [1]
  .bss               zero     0x200053d6      0x2  zcl_samplelight_data.o [1]
  .bss               zero     0x200053d8      0x2  ZDNwkMgr.o [1]
  .bss               zero     0x200053da      0x2  ZDNwkMgr.o [1]
  .bss               zero     0x200053dc      0x2  ZDNwkMgr.o [1]
  .bss               zero     0x200053de      0x2  nwk_util.o [3]
  .bss               zero     0x200053e0      0x2  nwk.o [3]
  .bss               zero     0x200053e2      0x2  NLMEDE.o [3]
  .bss               zero     0x200053e4      0x1  BindingTable.o [1]
  .bss               zero     0x200053e5      0x1  hal_assert.o [1]
  .bss               zero     0x200053e6      0x1  hal_drivers.o [1]
  .bss               zero     0x200053e7      0x1  hal_key.o [1]
  .bss               zero     0x200053e8      0x1  hal_key.o [1]
  .bss               zero     0x200053e9      0x1  hal_key.o [1]
  .bss               zero     0x200053ea      0x1  hal_led.o [1]
  .bss               zero     0x200053eb      0x1  hal_led.o [1]
  .bss               zero     0x200053ec      0x1  hal_uart.o [1]
  .bss               zero     0x200053ed      0x1  mac_autopend.o [1]
  .bss               zero     0x200053ee      0x1  mac_autopend.o [1]
  .bss               zero     0x200053ef      0x1  mac_mcu.o [1]
  .bss               zero     0x200053f0      0x1  mac_mcu.o [1]
  .bss               zero     0x200053f1      0x1  mac_radio.o [1]
  .bss               zero     0x200053f2      0x1  mac_radio.o [1]
  .bss               zero     0x200053f3      0x1  mac_radio.o [1]
  .bss               zero     0x200053f4      0x1  mac_radio.o [1]
  .bss               zero     0x200053f5      0x1  mac_rx.o [1]
  .bss               zero     0x200053f6      0x1  mac_rx.o [1]
  .bss               zero     0x200053f7      0x1  mac_rx.o [1]
  .bss               zero     0x200053f8      0x1  mac_rx.o [1]
  .bss               zero     0x200053f9      0x1  mac_rx.o [1]
  .bss               zero     0x200053fa      0x1  mac_rx.o [1]
  .bss               zero     0x200053fb      0x1  mac_rx.o [1]
  .bss               zero     0x200053fc      0x1  mac_rx.o [1]
  .bss               zero     0x200053fd      0x1  mac_rx.o [1]
  .bss               zero     0x200053fe      0x1  mac_rx.o [1]
  .bss               zero     0x200053ff      0x1  mac_rx.o [1]
  .bss               zero     0x20005400      0x1  mac_rx_onoff.o [1]
  .bss               zero     0x20005401      0x1  mac_rx_onoff.o [1]
  .bss               zero     0x20005402      0x1  mac_tx.o [1]
  .bss               zero     0x20005403      0x1  mac_tx.o [1]
  .bss               zero     0x20005404      0x1  mac_tx.o [1]
  .bss               zero     0x20005405      0x1  mac_tx.o [1]
  .bss               zero     0x20005406      0x1  mac_tx.o [1]
  .bss               zero     0x20005407      0x1  mac_tx.o [1]
  .bss               zero     0x20005408      0x1  mac_tx.o [1]
  .bss               zero     0x20005409      0x1  mac_tx.o [1]
  .bss               zero     0x2000540a      0x1  mac_tx.o [1]
  .bss               zero     0x2000540b      0x1  MT.o [1]
  .bss               zero     0x2000540c      0x1  MT.o [1]
  .bss               zero     0x2000540d      0x1  MT_TASK.o [1]
  .bss               zero     0x2000540e      0x1  MT_UART.o [1]
  .bss               zero     0x2000540f      0x1  MT_UART.o [1]
  .bss               zero     0x20005410      0x1  MT_UART.o [1]
  .bss               zero     0x20005411      0x1  MT_UART.o [1]
  .bss               zero     0x20005412      0x1  MT_UART.o [1]
  .bss               zero     0x20005413      0x1  nwk_globals.o [1]
  .bss               zero     0x20005414      0x1  nwk_globals.o [1]
  .bss               zero     0x20005415      0x1  OnBoard.o [1]
  .bss               zero     0x20005416      0x1  OSAL_Memory.o [1]
  .bss               zero     0x20005417      0x1  osal_nv.o [1]
  .bss               zero     0x20005418      0x1  zcl.o [1]
  .bss               zero     0x20005419      0x1  zcl.o [1]
  .bss               zero     0x2000541a      0x1  zcl_ezmode.o [1]
  .bss               zero     0x2000541b      0x1  zcl_ezmode.o [1]
  .bss               zero     0x2000541c      0x1  zcl_ezmode.o [1]
  .bss               zero     0x2000541d      0x1  zcl_ezmode.o [1]
  .bss               zero     0x2000541e      0x1  zcl_ezmode.o [1]
  .bss               zero     0x2000541f      0x1  zcl_ezmode.o [1]
  .bss               zero     0x20005420      0x1  zcl_general.o [1]
  .bss               zero     0x20005421      0x1  zcl_samplelight.o [1]
  .bss               zero     0x20005422      0x1  zcl_samplelight.o [1]
  .bss               zero     0x20005423      0x1  zcl_samplelight.o [1]
  .bss               zero     0x20005424      0x1  zcl_samplelight.o [1]
  .bss               zero     0x20005425      0x1  zcl_samplelight_data.o [1]
  .bss               zero     0x20005426      0x1  zcl_samplelight_data.o [1]
  .bss               zero     0x20005427      0x1  zcl_samplelight_data.o [1]
  .bss               zero     0x20005428      0x1  ZDApp.o [1]
  .bss               zero     0x20005429      0x1  ZDApp.o [1]
  .bss               zero     0x2000542a      0x1  ZDApp.o [1]
  .bss               zero     0x2000542b      0x1  ZDApp.o [1]
  .bss               zero     0x2000542c      0x1  ZDApp.o [1]
  .bss               zero     0x2000542d      0x1  ZDNwkMgr.o [1]
  .bss               zero     0x2000542e      0x1  ZDNwkMgr.o [1]
  .bss               zero     0x2000542f      0x1  ZDNwkMgr.o [1]
  .bss               zero     0x20005430      0x1  ZDNwkMgr.o [1]
  .bss               zero     0x20005431      0x1  ZDNwkMgr.o [1]
  .bss               zero     0x20005432      0x1  ZDProfile.o [1]
  .bss               zero     0x20005433      0x1  ZDProfile.o [1]
  .bss               zero     0x20005434      0x1  ZDSecMgr.o [1]
  .bss               zero     0x20005435      0x1  ZDSecMgr.o [1]
  .bss               zero     0x20005436      0x1  ZGlobals.o [1]
  .bss               zero     0x20005437      0x1  ZGlobals.o [1]
  .bss               zero     0x20005438      0x1  ZGlobals.o [1]
  .bss               zero     0x20005439      0x1  ZGlobals.o [1]
  .bss               zero     0x2000543a      0x1  ZGlobals.o [1]
  .bss               zero     0x2000543b      0x1  ZGlobals.o [1]
  .bss               zero     0x2000543c      0x1  ZGlobals.o [1]
  .bss               zero     0x2000543d      0x1  ZGlobals.o [1]
  .bss               zero     0x2000543e      0x1  ZGlobals.o [1]
  .bss               zero     0x2000543f      0x1  zmac_cb.o [1]
  .bss               zero     0x20005440      0x1  nwk_util.o [3]
  .bss               zero     0x20005441      0x1  nwk_util.o [3]
  .bss               zero     0x20005442      0x1  rtg.o [3]
  .bss               zero     0x20005443      0x1  rtg.o [3]
  .bss               zero     0x20005444      0x1  nwk.o [3]
  .bss               zero     0x20005445      0x1  bsp.o [5]
  .bss               zero     0x20005446      0x1  ssp.o [3]
                            - 0x20005447   0x10db

"P2", part 3 of 3:                         0x2004
  .noinit            uninit   0x20005448   0x1800  OSAL_Memory.o [1]
  .noinit            uninit   0x20006c48    0x800  startup_ewarm.o [1]
  .noinit            uninit   0x20007448      0x4  OSAL_Memory.o [1]
                            - 0x2000744c   0x2004


*******************************************************************************
*** INIT TABLE
***

          Address     Size
          -------     ----
Zero (__iar_zero_init3)
    2 destination ranges, total size 0x11db:
          0x20004000   0x100
          0x2000436c  0x10db

Copy/packbits (__iar_packbits_init3)
    1 source range, total size 0x11a (45% of destination):
          0x0022093f   0x11a
    1 destination range, total size 0x269:
          0x20004100   0x269



*******************************************************************************
*** MODULE SUMMARY
***

    Module                    ro code  ro data  rw data  rw data
                                                          (abs)
    ------                    -------  -------  -------  -------
C:\Texas Instruments\Z-Stack Home 1.2.0\Projects\zstack\HomeAutomation\SampleLight\CC2538\Coordinator\Obj: [1]
    AF.o                        1 684                 5
    BindingTable.o              2 236                29
    DebugTrace.o                   76
    MT.o                          258       33       74
    MT_AF.o                       200                 8
    MT_APP.o                      206
    MT_DEBUG.o                    194
    MT_SYS.o                    2 228       12
    MT_TASK.o                     400                 1
    MT_UART.o                     604                 9
    MT_VERSION.o                             8
    MT_ZDO.o                    3 264                 4
    OSAL.o                      1 956                 5
    OSAL_Clock.o                  776                 8
    OSAL_Memory.o                 524             6 149
    OSAL_PwrMgr.o                  24                 8
    OSAL_SampleLight.o            148       41        4
    OSAL_Timers.o                 776                 8
    OnBoard.o                     272        1       10
    ZDApp.o                     4 740        9       81
    ZDConfig.o                    228                20
    ZDNwkMgr.o                  1 532       20       55
    ZDObject.o                  5 134       88       60
    ZDProfile.o                 4 204      107       90
    ZDSecMgr.o                  2 896        1       55
    ZGlobals.o                    536      423       83
    ZMain.o                       656       36
    armcm3flashutil.o             438
    hal_adc.o                      56
    hal_aes.o                      92                 4
    hal_assert.o                  668                 1
    hal_ccm.o                     258
    hal_drivers.o                 152                 1
    hal_key.o                     404                 7
    hal_lcd.o                     448       24
    hal_led.o                     876                54
    hal_sleep.o                    10
    hal_sys_ctrl.o                408
    hal_systick.o                  42
    hal_uart.o                  1 366       20       45
    mac_autopend.o              1 132                 2
    mac_backoff_timer.o           368                 8
    mac_cfg.o                                8
    mac_csp_tx.o                1 456
    mac_low_level.o               104
    mac_mcu.o                   1 784                14
    mac_mem.o                     116
    mac_pib.o                     512      220       76
    mac_radio.o                   752                 4
    mac_radio_defs.o              144       36
    mac_rx.o                    2 736        4       23
    mac_rx_onoff.o                516                 2
    mac_sleep.o                   104        1        1
    mac_tx.o                    1 188                 9
    nwk_globals.o                 736      233    1 671
    osal_nv.o                   4 390        9       41   12 288
    saddr.o                       166
    startup_ewarm.o                66      268    2 048
    zcl.o                       7 782      184       23
    zcl_ezmode.o                  924                40
    zcl_general.o               5 392                 9
    zcl_ha.o                      196       36
    zcl_samplelight.o           1 508      236      121
    zcl_samplelight_data.o                 240       46
    zmac.o                        652                 8
    zmac_cb.o                     724       20        5
    ------------------------------------------------------------
    Total:                     74 418    2 318   11 029   12 288

command line: [2]
    ------------------------------------------------------------
    Total:

Router.a: [3]
    APS.o                       1 852       13       56
    APSMEDE.o                   3 300                24
    APSMEDE_CB.o                  308
    AddrMgr.o                   1 092                 8
    AssocList.o                 1 496
    NLMEDE.o                    1 280        2       25
    NLMEDE_CB.o                   608
    aps_frag.o                  1 596        5       12
    aps_groups.o                  448                 4
    aps_util.o                    552
    nwk.o                       5 960       10      143
    nwk_bufs.o                  1 228                 8
    nwk_util.o                  9 582        8       93
    reflecttrack.o                328        5       10
    rtg.o                       6 860                22
    ssp.o                       1 432                17
    ssp_hash.o                    690
    ------------------------------------------------------------
    Total:                     38 612       43      422

TIMAC-CC2538.a: [4]
    mac_beacon.o               10 236      306      456
    ------------------------------------------------------------
    Total:                     10 236      306      456

bsp.lib: [5]
    bsp.o                         180                 1
    bsp_key.o                     780                32
    io_pin_int.o                  848               144
    lcd_dogm128_6.o               228             1 024
    lcd_dogm128_6_alphabet.o               472
    lcd_srf06eb.o                 288
    ------------------------------------------------------------
    Total:                      2 324      472    1 201

dl7M_tln.a: [6]
    abort.o                         6
    exit.o                          4
    low_level_init.o                4
    memcpy.o                       12
    memset.o                       20
    strcat.o                       28
    ------------------------------------------------------------
    Total:                         74

m7M_tl.a: [7]
    ------------------------------------------------------------
    Total:

rt7M_tl.a: [8]
    ABImemclr.o                     6
    ABImemcpy_unaligned.o         118
    ABImemset.o                   102
    cexit.o                        10
    cmain.o                        26
    cstartup_M.o                   12
    data_init.o                    40
    packbits_init.o               212
    strcpy_unaligned.o             68
    strlen.o                       54
    zero_init3.o                   34
    ------------------------------------------------------------
    Total:                        682

sdriverlib.lib: [9]
    aes.o                         492                20
    ccm.o                         944
    cpu.o                          16
    flash.o                        56
    gpio.o                        448
    interrupt.o                   592               256
    ioc.o                         740
    ssi.o                         138
    sys_ctrl.o                    484
    systick.o                      52
    uart.o                        214
    ------------------------------------------------------------
    Total:                      4 176               276

shb_l.a: [10]
    exit.o                         20
    ------------------------------------------------------------
    Total:                         20

    Linker created                          52
----------------------------------------------------------------
    Grand Total:              130 542    3 191   13 384   12 288


*******************************************************************************
*** ENTRY LIST
***

Entry                      Address    Size  Type      Object
-----                      -------    ----  ----      ------
?main                   0x00220579          Code  Gb  cmain.o [8]
AESECBCheckResult       0x0021d809    0x16  Code  Gb  aes.o [9]
AESECBGetResult         0x0021d81f    0x5a  Code  Gb  aes.o [9]
AESECBStart             0x0021d781    0x88  Code  Gb  aes.o [9]
AESLoadKey              0x0021d6b1    0xce  Code  Gb  aes.o [9]
AF_DataRequest          0x00216469   0x208  Code  Gb  AF.o [1]
AF_DataRequestDiscoverRoute
                        0x20004342     0x1  Data  Gb  AF.o [1]
AIB_MaxBindingTime      0x20004268     0x2  Data  Gb  APS.o [3]
AIB_apsTrustCenterAddress
                        0x2000426c     0x4  Data  Gb  APS.o [3]
AIB_apsUseExtendedPANID
                        0x20004278     0x8  Data  Gb  APS.o [3]
AIB_apsUseInsecureJoin  0x20004266     0x1  Data  Gb  APS.o [3]
APSDE_DataCnf           0x0021760d     0xa  Code  Gb  APSMEDE_CB.o [3]
APSDE_DataConfirm       0x002175f5    0x18  Code  Gb  APSMEDE_CB.o [3]
APSDE_DataIndication    0x00217617    0xa0  Code  Gb  APSMEDE_CB.o [3]
APSDE_DataReq           0x002167c9   0x1da  Code  Gb  APSMEDE.o [3]
APSDE_DataReqMTU        0x002169a3    0x28  Code  Gb  APSMEDE.o [3]
APSDE_FrameAlloc        0x002170f5   0x114  Code  Gb  APSMEDE.o [3]
APSDE_FrameHdrSet       0x00216ec5    0xee  Code  Gb  APSMEDE.o [3]
APSDE_FrameSend         0x00217219    0x42  Code  Gb  APSMEDE.o [3]
APSDE_ParseMsg          0x00217729   0x102  Code  Gb  aps_util.o [3]
APSF_AllocRxObj         0x002094d9    0xf6  Code  Lc  aps_frag.o [3]
APSF_FindObj            0x002091cb    0x2a  Code  Lc  aps_frag.o [3]
APSF_FreeObj            0x002091f5    0x28  Code  Lc  aps_frag.o [3]
APSF_IncomingData       0x002095cf   0x136  Code  Lc  aps_frag.o [3]
APSF_Init               0x002091a5    0x26  Code  Gb  aps_frag.o [3]
APSF_ObjList            0x20004304     0x4  Data  Lc  aps_frag.o [3]
APSF_ProcessAck         0x00209455    0x84  Code  Gb  aps_frag.o [3]
APSF_ProcessEvent       0x0020970f    0xb0  Code  Gb  aps_frag.o [3]
APSF_SendFragmented     0x0020921d   0x134  Code  Gb  aps_frag.o [3]
APSF_SendOsalMsg        0x00209705     0xa  Code  Gb  aps_frag.o [3]
APSF_TxNextFrame        0x00209351   0x102  Code  Lc  aps_frag.o [3]
APSF_taskID             0x20004300     0x1  Data  Gb  aps_frag.o [3]
APSME_BindRequest       0x002169cb    0x26  Code  Gb  APSMEDE.o [3]
APSME_CmdPkt            0x002170ad    0x3e  Code  Gb  APSMEDE.o [3]
APSME_CmdPktCM_CD       0x00217051    0x5c  Code  Gb  APSMEDE.o [3]
APSME_CmdPktHook        0x2000518c     0x4  Data  Gb  APSMEDE.o [3]
APSME_FrameSecApplyCM   0x00216e55    0x6c  Code  Gb  APSMEDE.o [3]
APSME_FrameSecApplyExtCM
                        0x00216ec1     0x4  Code  Gb  APSMEDE.o [3]
APSME_FrameSecApplyExtHook
                        0x20005184     0x4  Data  Gb  APSMEDE.o [3]
APSME_FrameSecApplyHook
                        0x20005180     0x4  Data  Gb  APSMEDE.o [3]
APSME_FrameSecKeySetup  0x00216cdf    0x76  Code  Gb  APSMEDE.o [3]
APSME_FrameSecKeySync   0x00216c7d    0x62  Code  Gb  APSMEDE.o [3]
APSME_FrameSecRemoveCM  0x00216dd9    0x7c  Code  Gb  APSMEDE.o [3]
APSME_FrameSecRemoveHook
                        0x20005188     0x4  Data  Gb  APSMEDE.o [3]
APSME_FrameSecSetupCM   0x00216d55    0x84  Code  Gb  APSMEDE.o [3]
APSME_FrameSecSetupHook
                        0x2000517c     0x4  Data  Gb  APSMEDE.o [3]
APSME_FrameSecurityRemove
                        0x00217261    0x20  Code  Gb  APSMEDE.o [3]
APSME_FrameTunnel       0x00216fb3    0x98  Code  Gb  APSMEDE.o [3]
APSME_GetRequest        0x00216a05    0x5a  Code  Gb  APSMEDE.o [3]
APSME_HoldDataRequests  0x002090cb    0x2a  Code  Gb  APS.o [3]
APSME_IsDefaultTCLK     0x0021969d    0x10  Code  Gb  ZDSecMgr.o [1]
APSME_IsDistributedSecurity
                        0x0021747d     0xc  Code  Gb  APSMEDE.o [3]
APSME_LinkKeyLoad       0x00216bff    0x7e  Code  Gb  APSMEDE.o [3]
APSME_LinkKeyNVIdGet    0x002193a5    0x2a  Code  Gb  ZDSecMgr.o [1]
APSME_LinkKeySync       0x00216b57    0x5e  Code  Gb  APSMEDE.o [3]
APSME_LookupExtAddr     0x00216a89    0x3e  Code  Gb  APSMEDE.o [3]
APSME_LookupNwkAddr     0x00216ac7    0x2e  Code  Gb  APSMEDE.o [3]
APSME_NwkKeyLoad        0x00216bb5    0x4a  Code  Gb  APSMEDE.o [3]
APSME_NwkKeySync        0x00216b2d    0x2a  Code  Gb  APSMEDE.o [3]
APSME_RemoveDeviceReq   0x00217401    0x52  Code  Gb  APSMEDE.o [3]
APSME_RequestKeyInd     0x002176e3    0x2c  Code  Gb  APSMEDE_CB.o [3]
APSME_SecurityCM_CD     0x00217461    0x18  Code  Gb  APSMEDE.o [3]
APSME_SetRequest        0x00216a5f    0x2a  Code  Gb  APSMEDE.o [3]
APSME_TCLinkKeyInit     0x002193d5    0xb6  Code  Gb  ZDSecMgr.o [1]
APSME_TCLinkKeyLoad     0x0021959d    0xf4  Code  Gb  ZDSecMgr.o [1]
APSME_TCLinkKeySync     0x0021948b   0x10e  Code  Gb  ZDSecMgr.o [1]
APSME_TransportKeyReq   0x002172a1    0xf8  Code  Gb  APSMEDE.o [3]
APSME_UnBindRequest     0x002169f1    0x14  Code  Gb  APSMEDE.o [3]
APSME_UpdateDeviceInd   0x002176b7    0x2c  Code  Gb  APSMEDE_CB.o [3]
APSME_UpdateDeviceReq   0x00217399    0x60  Code  Gb  APSMEDE.o [3]
APS_AllowDataRequests   0x20004267     0x1  Data  Gb  APS.o [3]
APS_CmdInd              0x00208bbd    0x60  Code  Gb  APS.o [3]
APS_Counter             0x20004265     0x1  Data  Gb  APS.o [3]
APS_DataConfirmReflect  0x00208cfd    0x18  Code  Lc  APS.o [3]
APS_DataIndReflect      0x00208d15   0x11c  Code  Lc  APS.o [3]
APS_GetBind             0x00208c55    0xa8  Code  Lc  APS.o [3]
APS_Init                0x00208a8d    0x30  Code  Gb  APS.o [3]
APS_IsDuplicate         0x002090f5    0x82  Code  Lc  APS.o [3]
APS_ReReflect           0x00209007    0x78  Code  Lc  APS.o [3]
APS_Reflect             0x00208e37   0x1d0  Code  Lc  APS.o [3]
APS_ReflectorInit       0x00208a69    0x24  Code  Gb  APS.o [3]
APS_SetEndDeviceBindTimeout
                        0x00208b9f    0x1e  Code  Gb  APS.o [3]
APS_TaskID              0x20004264     0x1  Data  Gb  APS.o [3]
APS_UnBind              0x00208c1d    0x38  Code  Lc  APS.o [3]
APS_event_loop          0x00208abd    0xdc  Code  Gb  APS.o [3]
AddrMgrEntryAdd         0x00214701    0x58  Code  Lc  AddrMgr.o [3]
AddrMgrEntryAddRef      0x0021484f    0x3c  Code  Gb  AddrMgr.o [3]
AddrMgrEntryData        0x200052b4     0x4  Data  Lc  AddrMgr.o [3]
AddrMgrEntryGet         0x00214943    0x46  Code  Gb  AddrMgr.o [3]
AddrMgrEntryLookupExt   0x002148e9    0x5a  Code  Gb  AddrMgr.o [3]
AddrMgrEntryLookupNwk   0x0021488b    0x5e  Code  Gb  AddrMgr.o [3]
AddrMgrEntryRelease     0x0021481b    0x34  Code  Gb  AddrMgr.o [3]
AddrMgrEntrySet         0x002146b9    0x48  Code  Lc  AddrMgr.o [3]
AddrMgrEntryTotal       0x200052b0     0x2  Data  Lc  AddrMgr.o [3]
AddrMgrEntryUpdate      0x00214989   0x124  Code  Gb  AddrMgr.o [3]
AddrMgrEntryValidate    0x00214695    0x24  Code  Lc  AddrMgr.o [3]
AddrMgrExtAddrEqual     0x002147ab    0x18  Code  Gb  AddrMgr.o [3]
AddrMgrExtAddrLookup    0x002147c3    0x28  Code  Gb  AddrMgr.o [3]
AddrMgrExtAddrSet       0x00214783     0xe  Code  Gb  AddrMgr.o [3]
AddrMgrExtAddrValid     0x00214791    0x1a  Code  Gb  AddrMgr.o [3]
AddrMgrInit             0x00214759    0x2a  Code  Gb  AddrMgr.o [3]
AddrMgrIsFull           0x00214aad    0x28  Code  Gb  AddrMgr.o [3]
AddrMgrNwkAddrLookup    0x002147eb    0x30  Code  Gb  AddrMgr.o [3]
AddrMgrWriteNVRequest   0x0020a643     0x2  Code  Gb  ZDApp.o [1]
App_TaskID              0x2000540e     0x1  Data  Gb  MT_UART.o [1]
ApsLinkKeyFrmCntr       0x20005094    0x24  Data  Gb  ZDSecMgr.o [1]
AssocAddNew             0x00211761   0x12a  Code  Gb  AssocList.o [3]
AssocChangeNwkAddr      0x00211891    0x62  Code  Gb  AssocList.o [3]
AssocCheckDupNeighbors  0x00211bb1    0x6a  Code  Gb  AssocList.o [3]
AssocChildAging         0x00211c1b    0x62  Code  Gb  AssocList.o [3]
AssocChildTableManagement
                        0x00211c99    0x3a  Code  Gb  AssocList.o [3]
AssocChildTableUpdateTimeout
                        0x00211c7d    0x1c  Code  Gb  AssocList.o [3]
AssocCnfFailStr         0x00220758    0x10  Data  Gb  nwk_globals.o [1]
AssocCnfStr             0x00220858     0xc  Data  Gb  nwk_globals.o [1]
AssocCount              0x0021173b    0x26  Code  Gb  AssocList.o [3]
AssocFindDevice         0x00211b87    0x2a  Code  Gb  AssocList.o [3]
AssocGetNextNode        0x00211aad    0x6a  Code  Lc  AssocList.o [3]
AssocGetWithAddress     0x002119e1    0x74  Code  Gb  AssocList.o [3]
AssocGetWithExt         0x0021197f    0x62  Code  Gb  AssocList.o [3]
AssocGetWithShort       0x0021194b    0x34  Code  Gb  AssocList.o [3]
AssocInit               0x00211739     0x2  Code  Gb  AssocList.o [3]
AssocIsChild            0x002118f3    0x20  Code  Gb  AssocList.o [3]
AssocIsParent           0x00211933    0x18  Code  Gb  AssocList.o [3]
AssocIsRFChild          0x00211913    0x20  Code  Gb  AssocList.o [3]
AssocMakeList           0x00211b2d    0x48  Code  Gb  AssocList.o [3]
AssocRemove             0x00211a5b    0x52  Code  Gb  AssocList.o [3]
AssocRspFailStr         0x00220748    0x10  Data  Gb  nwk_globals.o [1]
AssociatedDevList       0x2000476c   0x1f8  Data  Gb  nwk_globals.o [1]
BindInitNV              0x00215e65    0x2e  Code  Gb  BindingTable.o [1]
BindRestoreFromNV       0x00215ead    0x46  Code  Gb  BindingTable.o [1]
BindSetDefaultNV        0x00215e95    0x16  Code  Gb  BindingTable.o [1]
BindWriteNV             0x00215ef5    0x6e  Code  Gb  BindingTable.o [1]
BindingTable            0x20004f40    0x38  Data  Gb  nwk_globals.o [1]
BuzzerControl           0x00204a07     0x2  Code  Gb  OnBoard.o [1]
CCMAuthEncryptCheckResult
                        0x0021f6ed    0x16  Code  Gb  ccm.o [9]
CCMAuthEncryptGetResult
                        0x0021f705    0x88  Code  Gb  ccm.o [9]
CCMAuthEncryptStart     0x0021f5d1   0x11c  Code  Gb  ccm.o [9]
CCMInvAuthDecryptCheckResult
                        0x0021f8a1     0x2  Code  Gb  ccm.o [9]
CCMInvAuthDecryptGetResult
                        0x0021f8a5    0xae  Code  Gb  ccm.o [9]
CCMInvAuthDecryptStart  0x0021f78d   0x114  Code  Gb  ccm.o [9]
CPUcpsid                0x00204eb5     0x8  Code  Gb  cpu.o [9]
CPUcpsie                0x00204ebd     0x8  Code  Gb  cpu.o [9]
CskipChldrn             0x20005414     0x1  Data  Gb  nwk_globals.o [1]
CskipRtrs               0x20005413     0x1  Data  Gb  nwk_globals.o [1]
EnergyLevelStr          0x00220768    0x10  Data  Gb  nwk_globals.o [1]
FSC_Token               0x20005411     0x1  Data  Gb  MT_UART.o [1]
FailedStr               0x002208f0     0x8  Data  Gb  nwk_globals.o [1]
FaultISR                0x00220567     0x2  Code  Lc  startup_ewarm.o [1]
FlashCacheModeSet       0x0021f9d5    0x12  Code  Gb  flash.o [9]
FlashMainPageErase      0x0021f9b5    0x10  Code  Gb  flash.o [9]
GPIODirModeSet          0x00206d9b    0x28  Code  Gb  gpio.o [9]
GPIOGetIntNumber        0x00206d6d    0x2e  Code  Gb  gpio.o [9]
GPIOIntTypeSet          0x00206dc3    0x38  Code  Gb  gpio.o [9]
GPIOIntWakeupDisable    0x00206f09     0xc  Code  Gb  gpio.o [9]
GPIOIntWakeupEnable     0x00206eff     0xa  Code  Gb  gpio.o [9]
GPIOPinIntClear         0x00206e25     0x6  Code  Gb  gpio.o [9]
GPIOPinIntDisable       0x00206e07     0xe  Code  Gb  gpio.o [9]
GPIOPinIntEnable        0x00206dfb     0xc  Code  Gb  gpio.o [9]
GPIOPinIntStatus        0x00206e15    0x10  Code  Gb  gpio.o [9]
GPIOPinRead             0x00206e45     0x6  Code  Gb  gpio.o [9]
GPIOPinTypeGPIOInput    0x00206e51     0xa  Code  Gb  gpio.o [9]
GPIOPinTypeGPIOOutput   0x00206e5b     0xa  Code  Gb  gpio.o [9]
GPIOPinTypeSSI          0x00206e65     0x2  Code  Gb  gpio.o [9]
GPIOPinTypeUARTInput    0x00206e7f     0x4  Code  Gb  gpio.o [9]
GPIOPinTypeUARTOutput   0x00206e83    0x1a  Code  Gb  gpio.o [9]
GPIOPinWrite            0x00206e4b     0x6  Code  Gb  gpio.o [9]
GPIOPortIntRegister     0x00206e2b    0x1a  Code  Gb  gpio.o [9]
GPIOPowIntClear         0x00206ed3    0x22  Code  Gb  gpio.o [9]
GPIOPowIntTypeSet       0x00206e9d    0x36  Code  Gb  gpio.o [9]
GetBindingTableEntry    0x002160b5    0x4a  Code  Gb  BindingTable.o [1]
HalAdcCheckVdd          0x0021f055    0x22  Code  Gb  hal_adc.o [1]
HalAdcRead              0x0021f04d     0x8  Code  Gb  hal_adc.o [1]
HalAesInit              0x0020d4ad    0x1a  Code  Gb  hal_aes.o [1]
HalDriverInit           0x00204e23    0x18  Code  Gb  hal_drivers.o [1]
HalKeyConfig            0x00207087    0x6a  Code  Gb  hal_key.o [1]
HalKeyInit              0x00206ffd     0xe  Code  Gb  hal_key.o [1]
HalKeyPoll              0x00207111    0x3c  Code  Gb  hal_key.o [1]
HalKeyRead              0x002070f1    0x20  Code  Gb  hal_key.o [1]
HalLcdInit              0x0020d509     0xe  Code  Gb  hal_lcd.o [1]
HalLcdWriteScreen       0x0020d553    0x18  Code  Gb  hal_lcd.o [1]
HalLcdWriteString       0x0020d517    0x18  Code  Gb  hal_lcd.o [1]
HalLcdWriteStringValue  0x0020d56b    0x5a  Code  Gb  hal_lcd.o [1]
HalLcdWriteStringValueValue
                        0x0020d5c5    0xac  Code  Gb  hal_lcd.o [1]
HalLcdWriteValue        0x0020d52f    0x24  Code  Gb  hal_lcd.o [1]
HalLcd_HW_WriteLine     0x0020d671    0x4c  Code  Gb  hal_lcd.o [1]
HalLedBlink             0x0020d76d    0xd2  Code  Gb  hal_led.o [1]
HalLedInit              0x0020d6c9    0x16  Code  Gb  hal_led.o [1]
HalLedOnOff             0x0020d977    0xa8  Code  Gb  hal_led.o [1]
HalLedSet               0x0020d6df    0x8e  Code  Gb  hal_led.o [1]
HalLedState             0x200053ea     0x1  Data  Lc  hal_led.o [1]
HalLedStatusControl     0x20004fb0    0x34  Data  Lc  hal_led.o [1]
HalLedUpdate            0x0020d83f   0x138  Code  Gb  hal_led.o [1]
HalUARTClose            0x0020df3f     0xe  Code  Gb  hal_uart.o [1]
HalUARTCloseIsr         0x0020dc93    0x28  Code  Gb  hal_uart.o [1]
HalUARTInit             0x0020df1d     0x8  Code  Gb  hal_uart.o [1]
HalUARTInitIsr          0x0020da35    0x3e  Code  Gb  hal_uart.o [1]
HalUARTOpen             0x0020df25    0x12  Code  Gb  hal_uart.o [1]
HalUARTOpenIsr          0x0020da73   0x15c  Code  Gb  hal_uart.o [1]
HalUARTPoll             0x0020df37     0x8  Code  Gb  hal_uart.o [1]
HalUARTPollIsr          0x0020dbcf    0xc4  Code  Gb  hal_uart.o [1]
HalUARTRead             0x0020df4d    0x18  Code  Gb  hal_uart.o [1]
HalUARTReadIsr          0x0020dcbb    0x70  Code  Gb  hal_uart.o [1]
HalUARTWrite            0x0020df65    0x18  Code  Gb  hal_uart.o [1]
HalUARTWriteIsr         0x0020dd2b    0xc8  Code  Gb  hal_uart.o [1]
Hal_Init                0x00204e1d     0x6  Code  Gb  hal_drivers.o [1]
Hal_KeyIntEnable        0x200053e9     0x1  Data  Gb  hal_key.o [1]
Hal_ProcessEvent        0x00204e3b    0x6a  Code  Gb  hal_drivers.o [1]
Hal_ProcessPoll         0x00204ead     0x8  Code  Gb  hal_drivers.o [1]
Hal_TaskID              0x200053e6     0x1  Data  Gb  hal_drivers.o [1]
Hal_UART_RxBufLen       0x0020df7d     0xe  Code  Gb  hal_uart.o [1]
Hal_UART_RxBufLenIsr    0x0020ddf3    0x22  Code  Gb  hal_uart.o [1]
IOCPadConfigSet         0x00210f3b    0x68  Code  Gb  ioc.o [9]
IOCPinConfigPeriphInput
                        0x00210e41    0xfa  Code  Gb  ioc.o [9]
IOCPinConfigPeriphOutput
                        0x00210dd9    0x68  Code  Gb  ioc.o [9]
InStream_Read           0x00220011    0x22  Code  Lc  packbits_init.o [8]
InitBindingTable        0x00215879    0x6c  Code  Gb  BindingTable.o [1]
InitBoard               0x002048f9    0x3a  Code  Gb  OnBoard.o [1]
IntAltMapEnable         0x002034c1     0xc  Code  Gb  interrupt.o [9]
IntDefaultHandler       0x00220569     0x2  Code  Lc  startup_ewarm.o [1]
IntDisable              0x0020342d    0x58  Code  Gb  interrupt.o [9]
IntEnable               0x002033d5    0x58  Code  Gb  interrupt.o [9]
IntMasterDisable        0x0020337d     0x6  Code  Gb  interrupt.o [9]
IntMasterEnable         0x00203375     0x8  Code  Gb  interrupt.o [9]
IntPendClear            0x00203485    0x3c  Code  Gb  interrupt.o [9]
IntPrioritySet          0x002033b1    0x24  Code  Gb  interrupt.o [9]
IntRegister             0x0020338b    0x26  Code  Gb  interrupt.o [9]
LEN_Token               0x20005410     0x1  Data  Gb  MT_UART.o [1]
MAC_CbackCheckPending   0x00203999     0x8  Code  Gb  zmac_cb.o [1]
MAC_CbackEvent          0x00203735   0x264  Code  Gb  zmac_cb.o [1]
MAC_CbackQueryRetransmit
                        0x002039a1     0x4  Code  Gb  zmac_cb.o [1]
MAC_Init                0x002022ed    0x1e  Code  Gb  mac_beacon.o [4]
MAC_InitCoord           0x002009c9    0x38  Code  Gb  mac_beacon.o [4]
MAC_InitDevice          0x002016f3    0x2c  Code  Gb  mac_beacon.o [4]
MAC_McpsDataAlloc       0x00201159    0x1a  Code  Gb  mac_beacon.o [4]
MAC_McpsDataReq         0x00201049   0x10c  Code  Gb  mac_beacon.o [4]
MAC_MlmeAssociateReq    0x00201725     0x8  Code  Gb  mac_beacon.o [4]
MAC_MlmeAssociateRsp    0x00200a99     0xa  Code  Gb  mac_beacon.o [4]
MAC_MlmeGetReq          0x00203d47    0x52  Code  Gb  mac_pib.o [1]
MAC_MlmeOrphanRsp       0x00200aa3     0xa  Code  Gb  mac_beacon.o [4]
MAC_MlmeResetReq        0x0020222d    0xb0  Code  Gb  mac_beacon.o [4]
MAC_MlmeScanReq         0x0020267b     0x8  Code  Gb  mac_beacon.o [4]
MAC_MlmeSetReq          0x00203d99   0x150  Code  Gb  mac_pib.o [1]
MAC_MlmeStartReq        0x00200aad     0x8  Code  Gb  mac_beacon.o [4]
MAC_MlmeSyncReq         0x002022e5     0x8  Code  Gb  mac_beacon.o [4]
MAC_SrcMatchAckAllPending
                        0x002108cf    0x2e  Code  Gb  mac_autopend.o [1]
MAC_SrcMatchAddEntry    0x002107db    0xb4  Code  Gb  mac_autopend.o [1]
MAC_SrcMatchCheckAllPending
                        0x002108fd    0x10  Code  Gb  mac_autopend.o [1]
MAC_SrcMatchCheckResult
                        0x0021090d    0x1c  Code  Gb  mac_autopend.o [1]
MAC_SrcMatchDeleteEntry
                        0x0021088f    0x40  Code  Gb  mac_autopend.o [1]
MAC_SrcMatchEnable      0x00210789    0x52  Code  Gb  mac_autopend.o [1]
MTProcessAppRspMsg      0x00214e21    0x16  Code  Gb  MT.o [1]
MTVersionString         0x002208c8     0x8  Data  Gb  MT_VERSION.o [1]
MT_AfExec               0x00214e39    0xba  Code  Gb  MT_AF.o [1]
MT_AppCommandProcessing
                        0x00220101    0x2c  Code  Gb  MT_APP.o [1]
MT_AppMsg               0x0022012d    0x82  Code  Gb  MT_APP.o [1]
MT_AppUserCmd           0x002201af    0x20  Code  Gb  MT_APP.o [1]
MT_BuildAndSendZToolResponse
                        0x00214d53    0x44  Code  Gb  MT.o [1]
MT_Init                 0x00214d35    0x1e  Code  Gb  MT.o [1]
MT_ProcessDebugMsg      0x002157b5    0x98  Code  Gb  MT_DEBUG.o [1]
MT_ProcessDebugStr      0x0021584d    0x2a  Code  Gb  MT_DEBUG.o [1]
MT_ProcessEvent         0x002088fd    0xa6  Code  Gb  MT_TASK.o [1]
MT_ProcessIncoming      0x00214d97    0x7a  Code  Gb  MT.o [1]
MT_ProcessIncomingCommand
                        0x002089a3    0x72  Code  Lc  MT_TASK.o [1]
MT_SysAdcRead           0x00215411    0x86  Code  Gb  MT_SYS.o [1]
MT_SysCommandProcessing
                        0x00214f01    0xee  Code  Gb  MT_SYS.o [1]
MT_SysGetExtAddr        0x0021507f    0x1a  Code  Gb  MT_SYS.o [1]
MT_SysGetUtcTime        0x002156af    0x86  Code  Gb  MT_SYS.o [1]
MT_SysGpio              0x00215497    0xa8  Code  Gb  MT_SYS.o [1]
MT_SysOsalEventId       0x002208c0     0x8  Data  Gb  MT_SYS.o [1]
MT_SysOsalNVDelete      0x002152d3    0x3a  Code  Gb  MT_SYS.o [1]
MT_SysOsalNVItemInit    0x00215251    0x82  Code  Gb  MT_SYS.o [1]
MT_SysOsalNVLength      0x0021530d    0x38  Code  Gb  MT_SYS.o [1]
MT_SysOsalNVRead        0x00215099   0x142  Code  Gb  MT_SYS.o [1]
MT_SysOsalNVWrite       0x002151db    0x76  Code  Gb  MT_SYS.o [1]
MT_SysOsalStartTimer    0x00215345    0x58  Code  Gb  MT_SYS.o [1]
MT_SysOsalStopTimer     0x0021539d    0x4e  Code  Gb  MT_SYS.o [1]
MT_SysOsalTimerExpired  0x0021579d    0x18  Code  Gb  MT_SYS.o [1]
MT_SysPing              0x00215005    0x26  Code  Gb  MT_SYS.o [1]
MT_SysRandom            0x002153eb    0x26  Code  Gb  MT_SYS.o [1]
MT_SysReset             0x00214fef    0x16  Code  Gb  MT_SYS.o [1]
MT_SysResetInd          0x00215765    0x24  Code  Gb  MT_SYS.o [1]
MT_SysSetExtAddr        0x00215043    0x3c  Code  Gb  MT_SYS.o [1]
MT_SysSetTxPower        0x00215735    0x30  Code  Gb  MT_SYS.o [1]
MT_SysSetUtcTime        0x002155a1   0x10e  Code  Gb  MT_SYS.o [1]
MT_SysStackTune         0x0021553f    0x62  Code  Gb  MT_SYS.o [1]
MT_SysVersion           0x0021502b    0x18  Code  Gb  MT_SYS.o [1]
MT_TaskID               0x2000540d     0x1  Data  Gb  MT_TASK.o [1]
MT_TaskInit             0x002088d9    0x20  Code  Gb  MT_TASK.o [1]
MT_TransportAlloc       0x00208a15    0x20  Code  Gb  MT_TASK.o [1]
MT_TransportSend        0x00208a35    0x34  Code  Gb  MT_TASK.o [1]
MT_UartCalcFCS          0x00214b2b    0x24  Code  Gb  MT_UART.o [1]
MT_UartInit             0x00214ad9    0x4c  Code  Gb  MT_UART.o [1]
MT_UartProcessZToolData
                        0x00214b51   0x1ca  Code  Gb  MT_UART.o [1]
MT_UartRegisterTaskID   0x00214b25     0x6  Code  Gb  MT_UART.o [1]
MT_ZdoActiveEpRequest   0x0021e651    0x4c  Code  Gb  MT_ZDO.o [1]
MT_ZdoBeaconIndCB       0x0021ee51   0x12a  Code  Gb  MT_ZDO.o [1]
MT_ZdoBindRequest       0x0021eaa5    0xc6  Code  Gb  MT_ZDO.o [1]
MT_ZdoCommandProcessing
                        0x0021e38f   0x128  Code  Gb  MT_ZDO.o [1]
MT_ZdoComplexDescRequest
                        0x0021e7bd    0x4c  Code  Gb  MT_ZDO.o [1]
MT_ZdoEndDevAnnce       0x0021e855    0x3c  Code  Gb  MT_ZDO.o [1]
MT_ZdoEndDevBindRequest
                        0x0021e973   0x132  Code  Gb  MT_ZDO.o [1]
MT_ZdoEndDeviceTimeoutRequest
                        0x0021e92f    0x44  Code  Gb  MT_ZDO.o [1]
MT_ZdoIEEEAddrRequest   0x0021e505    0x5c  Code  Gb  MT_ZDO.o [1]
MT_ZdoInit              0x0021e38d     0x2  Code  Gb  MT_ZDO.o [1]
MT_ZdoJoinCnfCB         0x0021ef7d    0x40  Code  Gb  MT_ZDO.o [1]
MT_ZdoJoinReq           0x0021edcf    0x5a  Code  Gb  MT_ZDO.o [1]
MT_ZdoMatchDescRequest  0x0021e69d   0x120  Code  Gb  MT_ZDO.o [1]
MT_ZdoNWKAddressRequest
                        0x0021e4b7    0x4e  Code  Gb  MT_ZDO.o [1]
MT_ZdoNetworkDiscoveryReq
                        0x0021ed81    0x4e  Code  Gb  MT_ZDO.o [1]
MT_ZdoNodeDescRequest   0x0021e561    0x4c  Code  Gb  MT_ZDO.o [1]
MT_ZdoNwkAddrOfInterestReq
                        0x0021eccb    0x82  Code  Gb  MT_ZDO.o [1]
MT_ZdoNwkDiscoveryCnfCB
                        0x0021ee29    0x26  Code  Gb  MT_ZDO.o [1]
MT_ZdoPowerDescRequest  0x0021e5ad    0x4c  Code  Gb  MT_ZDO.o [1]
MT_ZdoRegisterForZDOMsg
                        0x0021efbd    0x42  Code  Gb  MT_ZDO.o [1]
MT_ZdoRemoveRegisteredCB
                        0x0021efff    0x42  Code  Gb  MT_ZDO.o [1]
MT_ZdoSendData          0x0021ec31    0x9a  Code  Gb  MT_ZDO.o [1]
MT_ZdoServiceDiscRequest
                        0x0021e8f9    0x36  Code  Gb  MT_ZDO.o [1]
MT_ZdoSimpleDescRequest
                        0x0021e5f9    0x58  Code  Gb  MT_ZDO.o [1]
MT_ZdoStartupFromApp    0x0021ed4d    0x34  Code  Gb  MT_ZDO.o [1]
MT_ZdoUnbindRequest     0x0021eb6b    0xc6  Code  Gb  MT_ZDO.o [1]
[...]
strlen                  0x002048a5          Code  Gb  strlen.o [8]
tasksArr                0x002205d0    0x28  Data  Gb  OSAL_SampleLight.o [1]
tasksCnt                0x00220939     0x1  Data  Gb  OSAL_SampleLight.o [1]
tasksEvents             0x20005330     0x4  Data  Gb  OSAL_SampleLight.o [1]
tempDataLen             0x20005412     0x1  Data  Gb  MT_UART.o [1]
theHeap                 0x20005448  0x1800  Data  Lc  OSAL_Memory.o [1]
timeMSec                0x20005324     0x4  Data  Lc  OSAL_Clock.o [1]
timerAlignedQ           0x200041cc     0x4  Data  Gb  mac_beacon.o [4]
timerHead               0x20005334     0x4  Data  Gb  OSAL_Timers.o [1]
timerUnalignedQ         0x200041c8     0x4  Data  Gb  mac_beacon.o [4]
txAckReq                0x20005409     0x1  Data  Lc  mac_tx.o [1]
txComplete              0x00204311    0x26  Code  Lc  mac_tx.o [1]
txCsmaGo                0x00204115    0x2c  Code  Lc  mac_tx.o [1]
txCsmaPrep              0x00204085    0x2c  Code  Lc  mac_tx.o [1]
txGo                    0x002040df    0x36  Code  Lc  mac_tx.o [1]
txGreenPowerPrep        0x002040b1    0x2e  Code  Lc  mac_tx.o [1]
txMT                    0x200053ec     0x1  Data  Lc  hal_uart.o [1]
txRetransmitFlag        0x2000540a     0x1  Data  Lc  mac_tx.o [1]
txSeqn                  0x20005408     0x1  Data  Lc  mac_tx.o [1]
uartRecord              0x20005018    0x2c  Data  Lc  hal_uart.o [1]
ui8BspKeyMode           0x200050d4     0x4  Data  Lc  bsp_key.o [5]
ui8PortAPinHasIsr       0x20004d3c     0x4  Data  Lc  io_pin_int.o [5]
ui8PortBPinHasIsr       0x20004d40     0x4  Data  Lc  io_pin_int.o [5]
ui8PortCPinHasIsr       0x20004d44     0x4  Data  Lc  io_pin_int.o [5]
ui8PortDPinHasIsr       0x20004d48     0x4  Data  Lc  io_pin_int.o [5]
updateRolloverflag      0x200053f0     0x1  Data  Lc  mac_mcu.o [1]
writeBuf                0x0021a36b   0x16c  Code  Lc  osal_nv.o [1]
writeItem               0x0021a68d   0x182  Code  Lc  osal_nv.o [1]
xferBuf                 0x0021a4d7   0x1b6  Code  Lc  osal_nv.o [1]
zclAnalogDataType       0x0020bd69    0x26  Code  Gb  zcl.o [1]
zclAuthorizeRead        0x0020c019    0x2c  Code  Lc  zcl.o [1]
zclAuthorizeWrite       0x0020c12b    0x2c  Code  Lc  zcl.o [1]
zclBuildHdr             0x0020b9eb    0x60  Code  Lc  zcl.o [1]
zclCalcHdrSize          0x0020ba4b    0x14  Code  Lc  zcl.o [1]
zclCmdTable             0x0022029c    0xb8  Data  Lc  zcl.o [1]
zclEZModeErr            0x2000541b     0x1  Data  Gb  zcl_ezmode.o [1]
zclEZModeInvokeData     0x200051b4    0x10  Data  Gb  zcl_ezmode.o [1]
zclEZModeMatched        0x2000541e     0x1  Data  Gb  zcl_ezmode.o [1]
zclEZModeOpener         0x2000541d     0x1  Data  Gb  zcl_ezmode.o [1]
zclEZModeQueryRspEP     0x2000541f     0x1  Data  Gb  zcl_ezmode.o [1]
zclEZModeQueryRspNwkAddr
                        0x200053d4     0x2  Data  Gb  zcl_ezmode.o [1]
zclEZModeRegisterData   0x200051a4    0x10  Data  Gb  zcl_ezmode.o [1]
zclEZModeRegistered     0x2000541a     0x1  Data  Gb  zcl_ezmode.o [1]
zclEZModeState          0x2000541c     0x1  Data  Gb  zcl_ezmode.o [1]
zclFindAttrRec          0x0020baa7    0x78  Code  Gb  zcl.o [1]
zclFindAttrRecsList     0x0020ba87    0x20  Code  Lc  zcl.o [1]
zclFindClusterOption    0x0020bb53    0x4a  Code  Lc  zcl.o [1]
zclFindPlugin           0x0020ba5f    0x28  Code  Lc  zcl.o [1]
zclGenCBs               0x20005350     0x4  Data  Lc  zcl_general.o [1]
zclGenPluginRegisted    0x20005420     0x1  Data  Lc  zcl_general.o [1]
zclGenSceneTable        0x20005354     0x4  Data  Lc  zcl_general.o [1]
zclGeneral_AddGroup     0x0021c593    0x56  Code  Lc  zcl_general.o [1]
zclGeneral_AddScene     0x0021c9c9    0x54  Code  Gb  zcl_general.o [1]
zclGeneral_CountAllScenes
                        0x0021cb45    0x18  Code  Gb  zcl_general.o [1]
zclGeneral_FindAllScenesForGroup
                        0x0021ca59    0x34  Code  Gb  zcl_general.o [1]
zclGeneral_FindCallbacks
                        0x0021c373    0x20  Code  Lc  zcl_general.o [1]
zclGeneral_FindScene    0x0021ca1d    0x3c  Code  Gb  zcl_general.o [1]
zclGeneral_HdlInSpecificCommands
                        0x0021c3d1    0xa0  Code  Lc  zcl_general.o [1]
zclGeneral_HdlIncoming  0x0021c39d    0x34  Code  Lc  zcl_general.o [1]
zclGeneral_ProcessInBasic
                        0x0021c471    0x28  Code  Lc  zcl_general.o [1]
zclGeneral_ProcessInGroupsClient
                        0x0021c86d   0x15c  Code  Lc  zcl_general.o [1]
zclGeneral_ProcessInGroupsServer
                        0x0021c5e9   0x284  Code  Lc  zcl_general.o [1]
zclGeneral_ProcessInIdentity
                        0x0021c499    0xfa  Code  Lc  zcl_general.o [1]
zclGeneral_ProcessInOnOff
                        0x0021d1d5    0x32  Code  Lc  zcl_general.o [1]
zclGeneral_ProcessInScenesClient
                        0x0021d067   0x16e  Code  Lc  zcl_general.o [1]
zclGeneral_ProcessInScenesServer
                        0x0021cb5d   0x50a  Code  Lc  zcl_general.o [1]
zclGeneral_RegisterCmdCallbacks
                        0x0021be05    0x6a  Code  Gb  zcl_general.o [1]
zclGeneral_RemoveAllScenes
                        0x0021caef    0x56  Code  Gb  zcl_general.o [1]
zclGeneral_RemoveScene  0x0021ca8d    0x62  Code  Gb  zcl_general.o [1]
zclGeneral_ScenesInit   0x0021d301     0xc  Code  Gb  zcl_general.o [1]
zclGeneral_ScenesInitNV
                        0x0021d207    0x26  Code  Lc  zcl_general.o [1]
zclGeneral_ScenesRestoreFromNV
                        0x0021d2a5    0x5c  Code  Lc  zcl_general.o [1]
zclGeneral_ScenesSave   0x0021d30d     0x8  Code  Gb  zcl_general.o [1]
zclGeneral_ScenesSetDefaultNV
                        0x0021d22d    0x16  Code  Lc  zcl_general.o [1]
zclGeneral_ScenesWriteNV
                        0x0021d243    0x5a  Code  Lc  zcl_general.o [1]
zclGeneral_SendGroupGetMembershipRequest
                        0x0021bec1    0xec  Code  Gb  zcl_general.o [1]
zclGeneral_SendGroupResponse
                        0x0021bfad    0x58  Code  Gb  zcl_general.o [1]
zclGeneral_SendGroupViewResponse
                        0x0021c005    0xcc  Code  Gb  zcl_general.o [1]
zclGeneral_SendIdentifyQueryResponse
                        0x0021be6f    0x52  Code  Gb  zcl_general.o [1]
zclGeneral_SendSceneGetMembershipResponse
                        0x0021c287    0xec  Code  Gb  zcl_general.o [1]
zclGeneral_SendSceneResponse
                        0x0021c0d1    0x76  Code  Gb  zcl_general.o [1]
zclGeneral_SendSceneViewRsp
                        0x0021c147   0x140  Code  Gb  zcl_general.o [1]
zclGetAttrDataLength    0x0020becb    0x46  Code  Gb  zcl.o [1]
zclGetAttrDataLengthUsingCB
                        0x0020bf9b    0x38  Code  Lc  zcl.o [1]
zclGetAuthorizeCB       0x0020bb39    0x1a  Code  Lc  zcl.o [1]
zclGetClusterOption     0x0020bb9d    0x26  Code  Lc  zcl.o [1]
zclGetDataTypeLength    0x0020bded    0xde  Code  Gb  zcl.o [1]
zclGetReadWriteCB       0x0020bb1f    0x1a  Code  Lc  zcl.o [1]
zclHA_Init              0x0021bd41    0x26  Code  Gb  zcl_ha.o [1]
zclHA_LcdStatusLine1    0x0021bda1    0x56  Code  Gb  zcl_ha.o [1]
zclHA_uint16toa         0x0021bd67    0x3a  Code  Gb  zcl_ha.o [1]
zclIsLittleEndianMachine
                        0x0020bd8f    0x10  Code  Lc  zcl.o [1]
zclParseHdr             0x0020b96d    0x7e  Code  Gb  zcl.o [1]
zclParseInConfigReportCmd
                        0x0020c421   0x1a0  Code  Gb  zcl.o [1]
zclParseInConfigReportRspCmd
                        0x0020c5c1    0x62  Code  Lc  zcl.o [1]
zclParseInDefaultRspCmd
                        0x0020c92b    0x20  Code  Lc  zcl.o [1]
zclParseInReadCmd       0x0020c157    0x46  Code  Gb  zcl.o [1]
zclParseInReadReportCfgCmd
                        0x0020c623    0x56  Code  Gb  zcl.o [1]
zclParseInReadReportCfgRspCmd
                        0x0020c679   0x1b4  Code  Lc  zcl.o [1]
zclParseInReadRspCmd    0x0020c19d   0x128  Code  Lc  zcl.o [1]
zclParseInReportCmd     0x0020c82d    0xfe  Code  Gb  zcl.o [1]
zclParseInWriteCmd      0x0020c2c5    0xfe  Code  Gb  zcl.o [1]
zclParseInWriteRspCmd   0x0020c3c3    0x5e  Code  Lc  zcl.o [1]
zclProcessInReadCmd     0x0020c94b    0xea  Code  Lc  zcl.o [1]
zclProcessInWriteCmd    0x0020ca35   0x16a  Code  Lc  zcl.o [1]
zclProcessInWriteUndividedCmd
                        0x0020cc15   0x2b2  Code  Lc  zcl.o [1]
zclReadAttrData         0x0020bf11    0x32  Code  Gb  zcl.o [1]
zclReadAttrDataUsingCB  0x0020bfd3    0x46  Code  Lc  zcl.o [1]
zclRevertWriteUndividedCmd
                        0x0020cb9f    0x76  Code  Lc  zcl.o [1]
zclSampleLightSeqNum    0x20005422     0x1  Data  Gb  zcl_samplelight.o [1]
zclSampleLight_Attrs    0x002203e4    0x90  Data  Gb  zcl_samplelight_data.o [1]
zclSampleLight_BasicResetCB
                        0x0020d257    0x12  Code  Lc  zcl_samplelight.o [1]
zclSampleLight_CmdCallbacks
                        0x20004224    0x40  Data  Lc  zcl_samplelight.o [1]
zclSampleLight_DateCode
                        0x002206b8    0x14  Data  Gb  zcl_samplelight_data.o [1]
zclSampleLight_DeviceEnable
                        0x20004349     0x1  Data  Gb  zcl_samplelight_data.o [1]
zclSampleLight_DisplayLight
                        0x0020d15d    0x40  Code  Lc  zcl_samplelight.o [1]
zclSampleLight_DstAddr  0x20005218     0xc  Data  Gb  zcl_samplelight.o [1]
zclSampleLight_EZModeCB
                        0x0020d387    0xba  Code  Lc  zcl_samplelight.o [1]
zclSampleLight_HWRevision
                        0x0022093a     0x1  Data  Gb  zcl_samplelight_data.o [1]
zclSampleLight_HandleKeys
                        0x0020d047    0xfa  Code  Lc  zcl_samplelight.o [1]
zclSampleLight_IdentifyCB
                        0x0020d269    0x10  Code  Lc  zcl_samplelight.o [1]
zclSampleLight_IdentifyCommissionState
                        0x20005426     0x1  Data  Gb  zcl_samplelight_data.o [1]
zclSampleLight_IdentifyQueryRspCB
                        0x0020d279    0x12  Code  Lc  zcl_samplelight.o [1]
zclSampleLight_IdentifyTime
                        0x200053d6     0x2  Data  Gb  zcl_samplelight_data.o [1]
zclSampleLight_InClusterList
                        0x00220888     0xc  Data  Gb  zcl_samplelight_data.o [1]
zclSampleLight_Init     0x0020cec9    0x80  Code  Gb  zcl_samplelight.o [1]
zclSampleLight_LcdDisplayHelpMode
                        0x0020d1ed    0x1c  Code  Lc  zcl_samplelight.o [1]
zclSampleLight_LcdDisplayMainMode
                        0x0020d19d    0x50  Code  Lc  zcl_samplelight.o [1]
zclSampleLight_LcdDisplayUpdate
                        0x0020d141    0x1c  Code  Lc  zcl_samplelight.o [1]
zclSampleLight_LocationDescription
                        0x20004294    0x14  Data  Gb  zcl_samplelight_data.o [1]
zclSampleLight_ManufacturerName
                        0x00220690    0x14  Data  Gb  zcl_samplelight_data.o [1]
zclSampleLight_ModelId  0x002206a4    0x14  Data  Gb  zcl_samplelight_data.o [1]
zclSampleLight_NumAttributes
                        0x0022093d     0x1  Data  Gb  zcl_samplelight_data.o [1]
zclSampleLight_NwkState
                        0x20004348     0x1  Data  Gb  zcl_samplelight.o [1]
zclSampleLight_OnOff    0x20005427     0x1  Data  Gb  zcl_samplelight_data.o [1]
zclSampleLight_OnOffCB  0x0020d28b    0x42  Code  Lc  zcl_samplelight.o [1]
zclSampleLight_OutClusterList
                        0x00218d5e     0x2  Data  Gb  zcl_samplelight_data.o [1]
zclSampleLight_PhysicalEnvironment
                        0x20005425     0x1  Data  Gb  zcl_samplelight_data.o [1]
zclSampleLight_PowerSource
                        0x0022093c     0x1  Data  Gb  zcl_samplelight_data.o [1]
zclSampleLight_ProcessIdentifyTimeChange
                        0x0020d209    0x4e  Code  Lc  zcl_samplelight.o [1]
zclSampleLight_ProcessInDefaultRspCmd
                        0x0020d359     0x6  Code  Lc  zcl_samplelight.o [1]
zclSampleLight_ProcessInReadRspCmd
                        0x0020d325    0x1a  Code  Lc  zcl_samplelight.o [1]
zclSampleLight_ProcessInWriteRspCmd
                        0x0020d33f    0x1a  Code  Lc  zcl_samplelight.o [1]
zclSampleLight_ProcessIncomingMsg
                        0x0020d2cd    0x58  Code  Lc  zcl_samplelight.o [1]
zclSampleLight_ProcessZDOMsgs
                        0x0020d35f    0x28  Code  Lc  zcl_samplelight.o [1]
zclSampleLight_RegisterEZModeData
                        0x002207c8    0x10  Data  Lc  zcl_samplelight.o [1]
zclSampleLight_SimpleDesc
                        0x200042a8    0x14  Data  Gb  zcl_samplelight_data.o [1]
zclSampleLight_TaskID   0x20005421     0x1  Data  Gb  zcl_samplelight.o [1]
zclSampleLight_ZCLVersion
                        0x0022093b     0x1  Data  Gb  zcl_samplelight_data.o [1]
zclSampleLight_event_loop
                        0x0020cf49    0xfe  Code  Gb  zcl_samplelight.o [1]
zclSerializeData        0x0020bbf7   0x172  Code  Gb  zcl.o [1]
zclSetSecurityOption    0x0020bbc3    0x34  Code  Lc  zcl.o [1]
zclWriteAttrData        0x0020c045    0x70  Code  Lc  zcl.o [1]
zclWriteAttrDataUsingCB
                        0x0020c0cd    0x5e  Code  Lc  zcl.o [1]
zcl_BuildAnalogData     0x0020bd9f    0x4e  Code  Lc  zcl.o [1]
zcl_DeviceOperational   0x0020b1eb    0x5c  Code  Lc  zcl.o [1]
zcl_EZModeAction        0x0021d39f   0x130  Code  Gb  zcl_ezmode.o [1]
zcl_HandleExternal      0x0020b0e9    0x58  Code  Gb  zcl.o [1]
zcl_Init                0x0020b061     0x8  Code  Gb  zcl.o [1]
zcl_InvokeEZMode        0x0021d32f    0x70  Code  Gb  zcl_ezmode.o [1]
zcl_ProcessEZMode       0x0021d4ef   0x19a  Code  Lc  zcl_ezmode.o [1]
zcl_ProcessMessageMSG   0x0020b66d   0x2fa  Code  Gb  zcl.o [1]
zcl_ReadAttrData        0x0020bf43    0x58  Code  Gb  zcl.o [1]
zcl_RegisterEZMode      0x0021d315    0x1a  Code  Gb  zcl_ezmode.o [1]
zcl_RegisteredMsgTaskID
                        0x20004347     0x1  Data  Gb  zcl.o [1]
zcl_SendCommand         0x0020b247   0x168  Code  Gb  zcl.o [1]
zcl_SendDefaultRspCmd   0x0020b615    0x58  Code  Gb  zcl.o [1]
zcl_SendReadRsp         0x0020b3c5   0x16e  Code  Gb  zcl.o [1]
zcl_SendWriteRsp        0x0020b533    0xe2  Code  Gb  zcl.o [1]
zcl_SetEZModeError      0x0021d4e9     0x6  Code  Lc  zcl_ezmode.o [1]
zcl_SetEZModeState      0x0021d4cf    0x1a  Code  Lc  zcl_ezmode.o [1]
zcl_TaskID              0x20005418     0x1  Data  Gb  zcl.o [1]
zcl_TransID             0x20005419     0x1  Data  Lc  zcl.o [1]
zcl_ValidateAttrDataCB  0x2000533c     0x4  Data  Gb  zcl.o [1]
zcl_event_loop          0x0020b069    0x6a  Code  Gb  zcl.o [1]
zcl_getRawAFMsg         0x0020b141     0x6  Code  Gb  zcl.o [1]
zcl_registerAttrList    0x0020b197    0x54  Code  Gb  zcl.o [1]
zcl_registerForMsg      0x0020b0d3    0x16  Code  Gb  zcl.o [1]
zcl_registerPlugin      0x0020b147    0x50  Code  Gb  zcl.o [1]
zdappHoldKeys           0x2000542c     0x1  Data  Lc  ZDApp.o [1]
zdoCBFunc               0x20005118    0x1c  Data  Gb  ZDApp.o [1]
zdoMsgCBs               0x20005380     0x4  Data  Gb  ZDProfile.o [1]
zdoSendStateChangeMsg   0x00217a13    0x46  Code  Lc  ZDObject.o [1]
zdpMsgProcs             0x00220474    0x68  Data  Gb  ZDProfile.o [1]
zdpProcessAddrReq       0x0021b1af   0x268  Code  Gb  ZDProfile.o [1]
zgApsAckWaitMultiplier  0x2000435e     0x1  Data  Gb  ZGlobals.o [1]
zgApsAllowR19Sec        0x2000543d     0x1  Data  Gb  ZGlobals.o [1]
zgApsDefaultMaxBindingTime
                        0x20004334     0x2  Data  Gb  ZGlobals.o [1]
zgApsLinkKeyType        0x20004362     0x1  Data  Gb  ZGlobals.o [1]
zgApsMinDupRejTableSize
                        0x2000433a     0x2  Data  Gb  ZGlobals.o [1]
zgApsNonMemberRadius    0x20004360     0x1  Data  Gb  ZGlobals.o [1]
zgApsTrustCenterAddr    0x20005298     0x8  Data  Gb  ZGlobals.o [1]
zgApsUseExtendedPANID   0x200052a8     0x8  Data  Gb  ZGlobals.o [1]
zgApsUseInsecureJoin    0x2000435f     0x1  Data  Gb  ZGlobals.o [1]
zgApscAckWaitDurationPolled
                        0x20004332     0x2  Data  Gb  ZGlobals.o [1]
zgApscDupRejTimeoutCount
                        0x20004361     0x1  Data  Gb  ZGlobals.o [1]
zgApscDupRejTimeoutInc  0x20004338     0x2  Data  Gb  ZGlobals.o [1]
zgApscMaxFrameRetries   0x2000435d     0x1  Data  Gb  ZGlobals.o [1]
zgBcastDeliveryTime     0x20004358     0x1  Data  Gb  ZGlobals.o [1]
zgChildAgingEnable      0x2000543a     0x1  Data  Gb  ZGlobals.o [1]
zgConcentratorDiscoveryTime
                        0x20005437     0x1  Data  Gb  ZGlobals.o [1]
zgConcentratorEnable    0x20005436     0x1  Data  Gb  ZGlobals.o [1]
zgConcentratorRC        0x20005438     0x1  Data  Gb  ZGlobals.o [1]
zgConcentratorRadius    0x2000435a     0x1  Data  Gb  ZGlobals.o [1]
zgConfigPANID           0x2000433c     0x2  Data  Gb  ZGlobals.o [1]
zgDefaultChannelList    0x20004320     0x4  Data  Gb  ZGlobals.o [1]
zgDefaultStartingScanDuration
                        0x2000434f     0x1  Data  Gb  ZGlobals.o [1]
zgDeviceLogicalType     0x2000543e     0x1  Data  Gb  ZGlobals.o [1]
zgExtendedPANID         0x200052a0     0x8  Data  Gb  ZGlobals.o [1]
zgIndirectMsgTimeout    0x20004351     0x1  Data  Gb  ZGlobals.o [1]
zgInit                  0x0021990b    0x42  Code  Gb  ZGlobals.o [1]
zgInitItems             0x0021994d    0x52  Code  Gb  ZGlobals.o [1]
zgItemInit              0x002198b1    0x5a  Code  Lc  ZGlobals.o [1]
zgItemTable             0x0021fe80   0x190  Data  Lc  ZGlobals.o [1]
zgMaxBcastRetires       0x20004356     0x1  Data  Gb  ZGlobals.o [1]
zgMaxDataRetries        0x2000434d     0x1  Data  Gb  ZGlobals.o [1]
zgMaxPollFailureRetries
                        0x2000434e     0x1  Data  Gb  ZGlobals.o [1]
zgNwkCommissionedNwkAddr
                        0x20004336     0x2  Data  Gb  ZGlobals.o [1]
zgNwkLeaveRequestAllowed
                        0x2000435c     0x1  Data  Gb  ZGlobals.o [1]
zgNwkMgrMinTransmissions
                        0x20004364     0x1  Data  Gb  ZGlobals.o [1]
zgNwkMgrMode            0x20004365     0x1  Data  Gb  ZGlobals.o [1]
zgNwkMode               0x20004359     0x1  Data  Gb  ZGlobals.o [1]
zgNwkSrcRtgExpiryTime   0x2000435b     0x1  Data  Gb  ZGlobals.o [1]
zgPassiveAckTimeout     0x20004357     0x1  Data  Gb  ZGlobals.o [1]
zgPollRate              0x2000432a     0x2  Data  Gb  ZGlobals.o [1]
zgPreConfigKeys         0x2000543b     0x1  Data  Gb  ZGlobals.o [1]
zgPreconfigKeyInit      0x00219a6d    0x48  Code  Lc  ZGlobals.o [1]
zgQueuedPollRate        0x2000432c     0x2  Data  Gb  ZGlobals.o [1]
zgReadStartupOptions    0x0021999f    0x28  Code  Gb  ZGlobals.o [1]
zgRejoinPollRate        0x20004330     0x2  Data  Gb  ZGlobals.o [1]
zgResponsePollRate      0x2000432e     0x2  Data  Gb  ZGlobals.o [1]
zgRouteDiscoveryTime    0x20004354     0x1  Data  Gb  ZGlobals.o [1]
zgRouteExpiryTime       0x20004355     0x1  Data  Gb  ZGlobals.o [1]
zgRouterOffAssocCleanup
                        0x20005439     0x1  Data  Gb  ZGlobals.o [1]
zgSapiEndpoint          0x20004366     0x1  Data  Gb  ZGlobals.o [1]
zgSecurePermitJoin      0x20004353     0x1  Data  Gb  ZGlobals.o [1]
zgSecurityMode          0x20004352     0x1  Data  Gb  ZGlobals.o [1]
zgSetItem               0x00219a1d    0x50  Code  Gb  ZGlobals.o [1]
zgStackProfile          0x20004350     0x1  Data  Gb  ZGlobals.o [1]
zgStartDelay            0x20004363     0x1  Data  Gb  ZGlobals.o [1]
zgUseDefaultTCLK        0x2000543c     0x1  Data  Gb  ZGlobals.o [1]
zgWriteStartupOptions   0x002199c7    0x56  Code  Gb  ZGlobals.o [1]
zmacCBSizeTable         0x002206e0    0x14  Data  Gb  zmac_cb.o [1]
zmain_dev_info          0x0021fbcd    0x70  Code  Lc  ZMain.o [1]
zmain_ext_addr          0x0021fac5   0x108  Code  Lc  ZMain.o [1]
zmain_lcd_init          0x0021fc3d     0xc  Code  Lc  ZMain.o [1]


[1] = C:\Texas Instruments\Z-Stack Home 1.2.0\Projects\zstack\HomeAutomation\SampleLight\CC2538\Coordinator\Obj
[2] = command line
[3] = Router.a
[4] = TIMAC-CC2538.a
[5] = bsp.lib
[6] = dl7M_tln.a
[7] = m7M_tl.a
[8] = rt7M_tl.a
[9] = sdriverlib.lib
[10] = shb_l.a

  130 542 bytes of readonly  code memory
    3 191 bytes of readonly  data memory
   13 384 bytes of readwrite data memory (+ 12 288 absolute)

Errors: none
Warnings: none
